Archive member included to satisfy reference by file (symbol)

c:/program files (x86)/gnu tools arm embedded/5.4 2016q2/bin/../lib/gcc/arm-none-eabi/5.4.1/../../../../arm-none-eabi/lib/armv7-m\libg.a(lib_a-exit.o)
                              c:/program files (x86)/gnu tools arm embedded/5.4 2016q2/bin/../lib/gcc/arm-none-eabi/5.4.1/../../../../arm-none-eabi/lib/armv7-m/crt0.o (exit)
c:/program files (x86)/gnu tools arm embedded/5.4 2016q2/bin/../lib/gcc/arm-none-eabi/5.4.1/../../../../arm-none-eabi/lib/armv7-m\libg.a(lib_a-impure.o)
                              c:/program files (x86)/gnu tools arm embedded/5.4 2016q2/bin/../lib/gcc/arm-none-eabi/5.4.1/../../../../arm-none-eabi/lib/armv7-m\libg.a(lib_a-exit.o) (_global_impure_ptr)
c:/program files (x86)/gnu tools arm embedded/5.4 2016q2/bin/../lib/gcc/arm-none-eabi/5.4.1/../../../../arm-none-eabi/lib/armv7-m\libg.a(lib_a-init.o)
                              c:/program files (x86)/gnu tools arm embedded/5.4 2016q2/bin/../lib/gcc/arm-none-eabi/5.4.1/../../../../arm-none-eabi/lib/armv7-m/crt0.o (__libc_init_array)
c:/program files (x86)/gnu tools arm embedded/5.4 2016q2/bin/../lib/gcc/arm-none-eabi/5.4.1/../../../../arm-none-eabi/lib/armv7-m\libg.a(lib_a-memcpy.o)
                              ..\obj\main.o (memcpy)
c:/program files (x86)/gnu tools arm embedded/5.4 2016q2/bin/../lib/gcc/arm-none-eabi/5.4.1/../../../../arm-none-eabi/lib/armv7-m\libg.a(lib_a-memset.o)
                              c:/program files (x86)/gnu tools arm embedded/5.4 2016q2/bin/../lib/gcc/arm-none-eabi/5.4.1/../../../../arm-none-eabi/lib/armv7-m/crt0.o (memset)
c:/program files (x86)/gnu tools arm embedded/5.4 2016q2/bin/../lib/gcc/arm-none-eabi/5.4.1/../../../../arm-none-eabi/lib/armv7-m\libg.a(lib_a-__call_atexit.o)
                              c:/program files (x86)/gnu tools arm embedded/5.4 2016q2/bin/../lib/gcc/arm-none-eabi/5.4.1/../../../../arm-none-eabi/lib/armv7-m\libg.a(lib_a-exit.o) (__call_exitprocs)
c:/program files (x86)/gnu tools arm embedded/5.4 2016q2/bin/../lib/gcc/arm-none-eabi/5.4.1/../../../../arm-none-eabi/lib/armv7-m\libg.a(lib_a-atexit.o)
                              c:/program files (x86)/gnu tools arm embedded/5.4 2016q2/bin/../lib/gcc/arm-none-eabi/5.4.1/../../../../arm-none-eabi/lib/armv7-m\libg.a(lib_a-__call_atexit.o) (atexit)
c:/program files (x86)/gnu tools arm embedded/5.4 2016q2/bin/../lib/gcc/arm-none-eabi/5.4.1/../../../../arm-none-eabi/lib/armv7-m\libg.a(lib_a-fini.o)
                              c:/program files (x86)/gnu tools arm embedded/5.4 2016q2/bin/../lib/gcc/arm-none-eabi/5.4.1/../../../../arm-none-eabi/lib/armv7-m\libg.a(lib_a-__call_atexit.o) (__libc_fini_array)
c:/program files (x86)/gnu tools arm embedded/5.4 2016q2/bin/../lib/gcc/arm-none-eabi/5.4.1/../../../../arm-none-eabi/lib/armv7-m\libg.a(lib_a-__atexit.o)
                              c:/program files (x86)/gnu tools arm embedded/5.4 2016q2/bin/../lib/gcc/arm-none-eabi/5.4.1/../../../../arm-none-eabi/lib/armv7-m\libg.a(lib_a-atexit.o) (__register_exitproc)

Allocating common symbols
Common symbol       size              file

TIM_TimeBaseStructure
                    0xa               ..\obj\brightnesscontrol.o
display_alarm       0x4               ..\obj\main.o
TIM_OCInitStructure
                    0x10              ..\obj\brightnesscontrol.o
date                0x13              ..\obj\main.o

Discarded input sections

 .text          0x00000000        0x0 c:/program files (x86)/gnu tools arm embedded/5.4 2016q2/bin/../lib/gcc/arm-none-eabi/5.4.1/armv7-m/crti.o
 .data          0x00000000        0x0 c:/program files (x86)/gnu tools arm embedded/5.4 2016q2/bin/../lib/gcc/arm-none-eabi/5.4.1/armv7-m/crti.o
 .bss           0x00000000        0x0 c:/program files (x86)/gnu tools arm embedded/5.4 2016q2/bin/../lib/gcc/arm-none-eabi/5.4.1/armv7-m/crti.o
 .data          0x00000000        0x4 c:/program files (x86)/gnu tools arm embedded/5.4 2016q2/bin/../lib/gcc/arm-none-eabi/5.4.1/armv7-m/crtbegin.o
 .text          0x00000000       0x74 c:/program files (x86)/gnu tools arm embedded/5.4 2016q2/bin/../lib/gcc/arm-none-eabi/5.4.1/../../../../arm-none-eabi/lib/armv7-m/crt0.o
 .data          0x00000000        0x0 c:/program files (x86)/gnu tools arm embedded/5.4 2016q2/bin/../lib/gcc/arm-none-eabi/5.4.1/../../../../arm-none-eabi/lib/armv7-m/crt0.o
 .bss           0x00000000        0x0 c:/program files (x86)/gnu tools arm embedded/5.4 2016q2/bin/../lib/gcc/arm-none-eabi/5.4.1/../../../../arm-none-eabi/lib/armv7-m/crt0.o
 .ARM.extab     0x00000000        0x0 c:/program files (x86)/gnu tools arm embedded/5.4 2016q2/bin/../lib/gcc/arm-none-eabi/5.4.1/../../../../arm-none-eabi/lib/armv7-m/crt0.o
 .ARM.exidx     0x00000000        0x8 c:/program files (x86)/gnu tools arm embedded/5.4 2016q2/bin/../lib/gcc/arm-none-eabi/5.4.1/../../../../arm-none-eabi/lib/armv7-m/crt0.o
 .ARM.attributes
                0x00000000       0x1b c:/program files (x86)/gnu tools arm embedded/5.4 2016q2/bin/../lib/gcc/arm-none-eabi/5.4.1/../../../../arm-none-eabi/lib/armv7-m/crt0.o
 .text          0x00000000      0x948 ..\obj\stm32f10x_fsmc.o
 .data          0x00000000        0x0 ..\obj\stm32f10x_fsmc.o
 .bss           0x00000000        0x0 ..\obj\stm32f10x_fsmc.o
 .debug_info    0x00000000      0x8fc ..\obj\stm32f10x_fsmc.o
 .debug_abbrev  0x00000000      0x172 ..\obj\stm32f10x_fsmc.o
 .debug_aranges
                0x00000000       0x20 ..\obj\stm32f10x_fsmc.o
 .debug_line    0x00000000      0x39d ..\obj\stm32f10x_fsmc.o
 .debug_str     0x00000000      0x79d ..\obj\stm32f10x_fsmc.o
 .comment       0x00000000       0x6f ..\obj\stm32f10x_fsmc.o
 .debug_frame   0x00000000      0x300 ..\obj\stm32f10x_fsmc.o
 .ARM.attributes
                0x00000000       0x33 ..\obj\stm32f10x_fsmc.o
 .data          0x00000000        0x0 ..\obj\stm32f10x_gpio.o
 .bss           0x00000000        0x0 ..\obj\stm32f10x_gpio.o
 .data          0x00000000        0x0 ..\obj\display.o
 .bss           0x00000000        0x0 ..\obj\display.o
 .bss           0x00000000        0x0 ..\obj\stm32f10x_rcc.o
 .text          0x00000000      0x3f8 ..\obj\stm32f10x_dma.o
 .data          0x00000000        0x0 ..\obj\stm32f10x_dma.o
 .bss           0x00000000        0x0 ..\obj\stm32f10x_dma.o
 .debug_info    0x00000000      0x47b ..\obj\stm32f10x_dma.o
 .debug_abbrev  0x00000000      0x157 ..\obj\stm32f10x_dma.o
 .debug_aranges
                0x00000000       0x20 ..\obj\stm32f10x_dma.o
 .debug_line    0x00000000      0x2b4 ..\obj\stm32f10x_dma.o
 .debug_str     0x00000000      0x3da ..\obj\stm32f10x_dma.o
 .comment       0x00000000       0x6f ..\obj\stm32f10x_dma.o
 .debug_frame   0x00000000      0x1c8 ..\obj\stm32f10x_dma.o
 .ARM.attributes
                0x00000000       0x33 ..\obj\stm32f10x_dma.o
 .text          0x00000000      0x508 ..\obj\stm32f10x_sdio.o
 .data          0x00000000        0x0 ..\obj\stm32f10x_sdio.o
 .bss           0x00000000        0x0 ..\obj\stm32f10x_sdio.o
 .debug_info    0x00000000      0x7f5 ..\obj\stm32f10x_sdio.o
 .debug_abbrev  0x00000000      0x1b1 ..\obj\stm32f10x_sdio.o
 .debug_aranges
                0x00000000       0x20 ..\obj\stm32f10x_sdio.o
 .debug_line    0x00000000      0x2b9 ..\obj\stm32f10x_sdio.o
 .debug_str     0x00000000      0x653 ..\obj\stm32f10x_sdio.o
 .comment       0x00000000       0x6f ..\obj\stm32f10x_sdio.o
 .debug_frame   0x00000000      0x490 ..\obj\stm32f10x_sdio.o
 .ARM.attributes
                0x00000000       0x33 ..\obj\stm32f10x_sdio.o
 .data          0x00000000        0x0 ..\obj\misc.o
 .bss           0x00000000        0x0 ..\obj\misc.o
 .text          0x00000000       0x6c ..\obj\stm32f10x_dbgmcu.o
 .data          0x00000000        0x0 ..\obj\stm32f10x_dbgmcu.o
 .bss           0x00000000        0x0 ..\obj\stm32f10x_dbgmcu.o
 .debug_info    0x00000000      0x162 ..\obj\stm32f10x_dbgmcu.o
 .debug_abbrev  0x00000000       0xe0 ..\obj\stm32f10x_dbgmcu.o
 .debug_aranges
                0x00000000       0x20 ..\obj\stm32f10x_dbgmcu.o
 .debug_line    0x00000000      0x1ed ..\obj\stm32f10x_dbgmcu.o
 .debug_str     0x00000000      0x215 ..\obj\stm32f10x_dbgmcu.o
 .comment       0x00000000       0x6f ..\obj\stm32f10x_dbgmcu.o
 .debug_frame   0x00000000       0x78 ..\obj\stm32f10x_dbgmcu.o
 .ARM.attributes
                0x00000000       0x33 ..\obj\stm32f10x_dbgmcu.o
 .data          0x00000000        0x0 ..\obj\stm32f10x_i2c.o
 .bss           0x00000000        0x0 ..\obj\stm32f10x_i2c.o
 .text          0x00000000      0x1ac ..\obj\stm32f10x_pwr.o
 .data          0x00000000        0x0 ..\obj\stm32f10x_pwr.o
 .bss           0x00000000        0x0 ..\obj\stm32f10x_pwr.o
 .debug_info    0x00000000      0x4a0 ..\obj\stm32f10x_pwr.o
 .debug_abbrev  0x00000000      0x190 ..\obj\stm32f10x_pwr.o
 .debug_aranges
                0x00000000       0x20 ..\obj\stm32f10x_pwr.o
 .debug_line    0x00000000      0x242 ..\obj\stm32f10x_pwr.o
 .debug_str     0x00000000      0x345 ..\obj\stm32f10x_pwr.o
 .comment       0x00000000       0x6f ..\obj\stm32f10x_pwr.o
 .debug_frame   0x00000000      0x164 ..\obj\stm32f10x_pwr.o
 .ARM.attributes
                0x00000000       0x33 ..\obj\stm32f10x_pwr.o
 .text          0x00000000       0x14 ..\obj\startup_stm32f10x_md.o
 .data          0x00000000        0x0 ..\obj\startup_stm32f10x_md.o
 .bss           0x00000000        0x0 ..\obj\startup_stm32f10x_md.o
 .text          0x00000000      0x28c ..\obj\stm32f10x_cec.o
 .data          0x00000000        0x0 ..\obj\stm32f10x_cec.o
 .bss           0x00000000        0x0 ..\obj\stm32f10x_cec.o
 .debug_info    0x00000000      0x425 ..\obj\stm32f10x_cec.o
 .debug_abbrev  0x00000000      0x1b0 ..\obj\stm32f10x_cec.o
 .debug_aranges
                0x00000000       0x20 ..\obj\stm32f10x_cec.o
 .debug_line    0x00000000      0x256 ..\obj\stm32f10x_cec.o
 .debug_str     0x00000000      0x399 ..\obj\stm32f10x_cec.o
 .comment       0x00000000       0x6f ..\obj\stm32f10x_cec.o
 .debug_frame   0x00000000      0x224 ..\obj\stm32f10x_cec.o
 .ARM.attributes
                0x00000000       0x33 ..\obj\stm32f10x_cec.o
 .bss           0x00000000        0x0 ..\obj\system_stm32f10x.o
 .text          0x00000000      0x1c0 ..\obj\stm32f10x_bkp.o
 .data          0x00000000        0x0 ..\obj\stm32f10x_bkp.o
 .bss           0x00000000        0x0 ..\obj\stm32f10x_bkp.o
 .debug_info    0x00000000      0x7a6 ..\obj\stm32f10x_bkp.o
 .debug_abbrev  0x00000000      0x174 ..\obj\stm32f10x_bkp.o
 .debug_aranges
                0x00000000       0x20 ..\obj\stm32f10x_bkp.o
 .debug_line    0x00000000      0x21d ..\obj\stm32f10x_bkp.o
 .debug_str     0x00000000      0x5d8 ..\obj\stm32f10x_bkp.o
 .comment       0x00000000       0x6f ..\obj\stm32f10x_bkp.o
 .debug_frame   0x00000000      0x1c4 ..\obj\stm32f10x_bkp.o
 .ARM.attributes
                0x00000000       0x33 ..\obj\stm32f10x_bkp.o
 .text          0x00000000      0xf98 ..\obj\stm32f10x_can.o
 .data          0x00000000        0x0 ..\obj\stm32f10x_can.o
 .bss           0x00000000        0x0 ..\obj\stm32f10x_can.o
 .debug_info    0x00000000      0xba4 ..\obj\stm32f10x_can.o
 .debug_abbrev  0x00000000      0x1f5 ..\obj\stm32f10x_can.o
 .debug_aranges
                0x00000000       0x20 ..\obj\stm32f10x_can.o
 .debug_line    0x00000000      0x42f ..\obj\stm32f10x_can.o
 .debug_str     0x00000000      0x751 ..\obj\stm32f10x_can.o
 .comment       0x00000000       0x6f ..\obj\stm32f10x_can.o
 .debug_frame   0x00000000      0x3f0 ..\obj\stm32f10x_can.o
 .ARM.attributes
                0x00000000       0x33 ..\obj\stm32f10x_can.o
 .text          0x00000000      0x954 ..\obj\stm32f10x_flash.o
 .data          0x00000000        0x0 ..\obj\stm32f10x_flash.o
 .bss           0x00000000        0x0 ..\obj\stm32f10x_flash.o
 .debug_info    0x00000000      0x7bf ..\obj\stm32f10x_flash.o
 .debug_abbrev  0x00000000      0x166 ..\obj\stm32f10x_flash.o
 .debug_aranges
                0x00000000       0x20 ..\obj\stm32f10x_flash.o
 .debug_line    0x00000000      0x36a ..\obj\stm32f10x_flash.o
 .debug_str     0x00000000      0x60b ..\obj\stm32f10x_flash.o
 .comment       0x00000000       0x6f ..\obj\stm32f10x_flash.o
 .debug_frame   0x00000000      0x410 ..\obj\stm32f10x_flash.o
 .ARM.attributes
                0x00000000       0x33 ..\obj\stm32f10x_flash.o
 .text          0x00000000      0x6e8 ..\obj\stm32f10x_spi.o
 .data          0x00000000        0x0 ..\obj\stm32f10x_spi.o
 .bss           0x00000000        0x0 ..\obj\stm32f10x_spi.o
 .debug_info    0x00000000      0x8fb ..\obj\stm32f10x_spi.o
 .debug_abbrev  0x00000000      0x180 ..\obj\stm32f10x_spi.o
 .debug_aranges
                0x00000000       0x20 ..\obj\stm32f10x_spi.o
 .debug_line    0x00000000      0x303 ..\obj\stm32f10x_spi.o
 .debug_str     0x00000000      0x620 ..\obj\stm32f10x_spi.o
 .comment       0x00000000       0x6f ..\obj\stm32f10x_spi.o
 .debug_frame   0x00000000      0x3a0 ..\obj\stm32f10x_spi.o
 .ARM.attributes
                0x00000000       0x33 ..\obj\stm32f10x_spi.o
 .data          0x00000000        0x0 ..\obj\brightnesscontrol.o
 .data          0x00000000        0x0 ..\obj\stm32f10x_iwdg.o
 .bss           0x00000000        0x0 ..\obj\stm32f10x_iwdg.o
 .text          0x00000000      0x118 ..\obj\stm32f10x_wwdg.o
 .data          0x00000000        0x0 ..\obj\stm32f10x_wwdg.o
 .bss           0x00000000        0x0 ..\obj\stm32f10x_wwdg.o
 .debug_info    0x00000000      0x236 ..\obj\stm32f10x_wwdg.o
 .debug_abbrev  0x00000000      0x119 ..\obj\stm32f10x_wwdg.o
 .debug_aranges
                0x00000000       0x20 ..\obj\stm32f10x_wwdg.o
 .debug_line    0x00000000      0x204 ..\obj\stm32f10x_wwdg.o
 .debug_str     0x00000000      0x280 ..\obj\stm32f10x_wwdg.o
 .comment       0x00000000       0x6f ..\obj\stm32f10x_wwdg.o
 .debug_frame   0x00000000      0x12c ..\obj\stm32f10x_wwdg.o
 .ARM.attributes
                0x00000000       0x33 ..\obj\stm32f10x_wwdg.o
 .data          0x00000000        0x0 ..\obj\stm32f10x_tim.o
 .bss           0x00000000        0x0 ..\obj\stm32f10x_tim.o
 .text          0x00000000      0x2b4 ..\obj\stm32f10x_rtc.o
 .data          0x00000000        0x0 ..\obj\stm32f10x_rtc.o
 .bss           0x00000000        0x0 ..\obj\stm32f10x_rtc.o
 .debug_info    0x00000000      0x43f ..\obj\stm32f10x_rtc.o
 .debug_abbrev  0x00000000      0x180 ..\obj\stm32f10x_rtc.o
 .debug_aranges
                0x00000000       0x20 ..\obj\stm32f10x_rtc.o
 .debug_line    0x00000000      0x242 ..\obj\stm32f10x_rtc.o
 .debug_str     0x00000000      0x3c5 ..\obj\stm32f10x_rtc.o
 .comment       0x00000000       0x6f ..\obj\stm32f10x_rtc.o
 .debug_frame   0x00000000      0x214 ..\obj\stm32f10x_rtc.o
 .ARM.attributes
                0x00000000       0x33 ..\obj\stm32f10x_rtc.o
 .data          0x00000000        0x0 ..\obj\stm32f10x_usart.o
 .bss           0x00000000        0x0 ..\obj\stm32f10x_usart.o
 .text          0x00000000       0xc8 ..\obj\stm32f10x_crc.o
 .data          0x00000000        0x0 ..\obj\stm32f10x_crc.o
 .bss           0x00000000        0x0 ..\obj\stm32f10x_crc.o
 .debug_info    0x00000000      0x208 ..\obj\stm32f10x_crc.o
 .debug_abbrev  0x00000000      0x114 ..\obj\stm32f10x_crc.o
 .debug_aranges
                0x00000000       0x20 ..\obj\stm32f10x_crc.o
 .debug_line    0x00000000      0x204 ..\obj\stm32f10x_crc.o
 .debug_str     0x00000000      0x25e ..\obj\stm32f10x_crc.o
 .comment       0x00000000       0x6f ..\obj\stm32f10x_crc.o
 .debug_frame   0x00000000       0xe8 ..\obj\stm32f10x_crc.o
 .ARM.attributes
                0x00000000       0x33 ..\obj\stm32f10x_crc.o
 .data          0x00000000        0x0 ..\obj\stm32f10x_adc.o
 .bss           0x00000000        0x0 ..\obj\stm32f10x_adc.o
 .text          0x00000000      0x21c ..\obj\stm32f10x_exti.o
 .data          0x00000000        0x0 ..\obj\stm32f10x_exti.o
 .bss           0x00000000        0x0 ..\obj\stm32f10x_exti.o
 .debug_info    0x00000000      0x353 ..\obj\stm32f10x_exti.o
 .debug_abbrev  0x00000000      0x17e ..\obj\stm32f10x_exti.o
 .debug_aranges
                0x00000000       0x20 ..\obj\stm32f10x_exti.o
 .debug_line    0x00000000      0x247 ..\obj\stm32f10x_exti.o
 .debug_str     0x00000000      0x36c ..\obj\stm32f10x_exti.o
 .comment       0x00000000       0x6f ..\obj\stm32f10x_exti.o
 .debug_frame   0x00000000      0x148 ..\obj\stm32f10x_exti.o
 .ARM.attributes
                0x00000000       0x33 ..\obj\stm32f10x_exti.o
 .text          0x00000000      0x300 ..\obj\stm32f10x_dac.o
 .data          0x00000000        0x0 ..\obj\stm32f10x_dac.o
 .bss           0x00000000        0x0 ..\obj\stm32f10x_dac.o
 .debug_info    0x00000000      0x4b4 ..\obj\stm32f10x_dac.o
 .debug_abbrev  0x00000000      0x175 ..\obj\stm32f10x_dac.o
 .debug_aranges
                0x00000000       0x20 ..\obj\stm32f10x_dac.o
 .debug_line    0x00000000      0x254 ..\obj\stm32f10x_dac.o
 .debug_str     0x00000000      0x3d2 ..\obj\stm32f10x_dac.o
 .comment       0x00000000       0x6f ..\obj\stm32f10x_dac.o
 .debug_frame   0x00000000      0x1e4 ..\obj\stm32f10x_dac.o
 .ARM.attributes
                0x00000000       0x33 ..\obj\stm32f10x_dac.o
 .data          0x00000000        0x0 ..\obj\main.o
 .text          0x00000000        0x0 c:/program files (x86)/gnu tools arm embedded/5.4 2016q2/bin/../lib/gcc/arm-none-eabi/5.4.1/../../../../arm-none-eabi/lib/armv7-m\libg.a(lib_a-exit.o)
 .data          0x00000000        0x0 c:/program files (x86)/gnu tools arm embedded/5.4 2016q2/bin/../lib/gcc/arm-none-eabi/5.4.1/../../../../arm-none-eabi/lib/armv7-m\libg.a(lib_a-exit.o)
 .bss           0x00000000        0x0 c:/program files (x86)/gnu tools arm embedded/5.4 2016q2/bin/../lib/gcc/arm-none-eabi/5.4.1/../../../../arm-none-eabi/lib/armv7-m\libg.a(lib_a-exit.o)
 .text.exit     0x00000000       0x20 c:/program files (x86)/gnu tools arm embedded/5.4 2016q2/bin/../lib/gcc/arm-none-eabi/5.4.1/../../../../arm-none-eabi/lib/armv7-m\libg.a(lib_a-exit.o)
 .debug_frame   0x00000000       0x28 c:/program files (x86)/gnu tools arm embedded/5.4 2016q2/bin/../lib/gcc/arm-none-eabi/5.4.1/../../../../arm-none-eabi/lib/armv7-m\libg.a(lib_a-exit.o)
 .ARM.attributes
                0x00000000       0x2d c:/program files (x86)/gnu tools arm embedded/5.4 2016q2/bin/../lib/gcc/arm-none-eabi/5.4.1/../../../../arm-none-eabi/lib/armv7-m\libg.a(lib_a-exit.o)
 .text          0x00000000        0x0 c:/program files (x86)/gnu tools arm embedded/5.4 2016q2/bin/../lib/gcc/arm-none-eabi/5.4.1/../../../../arm-none-eabi/lib/armv7-m\libg.a(lib_a-impure.o)
 .data          0x00000000        0x0 c:/program files (x86)/gnu tools arm embedded/5.4 2016q2/bin/../lib/gcc/arm-none-eabi/5.4.1/../../../../arm-none-eabi/lib/armv7-m\libg.a(lib_a-impure.o)
 .bss           0x00000000        0x0 c:/program files (x86)/gnu tools arm embedded/5.4 2016q2/bin/../lib/gcc/arm-none-eabi/5.4.1/../../../../arm-none-eabi/lib/armv7-m\libg.a(lib_a-impure.o)
 .data._impure_ptr
                0x00000000        0x4 c:/program files (x86)/gnu tools arm embedded/5.4 2016q2/bin/../lib/gcc/arm-none-eabi/5.4.1/../../../../arm-none-eabi/lib/armv7-m\libg.a(lib_a-impure.o)
 .text          0x00000000        0x0 c:/program files (x86)/gnu tools arm embedded/5.4 2016q2/bin/../lib/gcc/arm-none-eabi/5.4.1/../../../../arm-none-eabi/lib/armv7-m\libg.a(lib_a-init.o)
 .data          0x00000000        0x0 c:/program files (x86)/gnu tools arm embedded/5.4 2016q2/bin/../lib/gcc/arm-none-eabi/5.4.1/../../../../arm-none-eabi/lib/armv7-m\libg.a(lib_a-init.o)
 .bss           0x00000000        0x0 c:/program files (x86)/gnu tools arm embedded/5.4 2016q2/bin/../lib/gcc/arm-none-eabi/5.4.1/../../../../arm-none-eabi/lib/armv7-m\libg.a(lib_a-init.o)
 .text.__libc_init_array
                0x00000000       0x50 c:/program files (x86)/gnu tools arm embedded/5.4 2016q2/bin/../lib/gcc/arm-none-eabi/5.4.1/../../../../arm-none-eabi/lib/armv7-m\libg.a(lib_a-init.o)
 .debug_frame   0x00000000       0x2c c:/program files (x86)/gnu tools arm embedded/5.4 2016q2/bin/../lib/gcc/arm-none-eabi/5.4.1/../../../../arm-none-eabi/lib/armv7-m\libg.a(lib_a-init.o)
 .ARM.attributes
                0x00000000       0x2d c:/program files (x86)/gnu tools arm embedded/5.4 2016q2/bin/../lib/gcc/arm-none-eabi/5.4.1/../../../../arm-none-eabi/lib/armv7-m\libg.a(lib_a-init.o)
 .data          0x00000000        0x0 c:/program files (x86)/gnu tools arm embedded/5.4 2016q2/bin/../lib/gcc/arm-none-eabi/5.4.1/../../../../arm-none-eabi/lib/armv7-m\libg.a(lib_a-memcpy.o)
 .bss           0x00000000        0x0 c:/program files (x86)/gnu tools arm embedded/5.4 2016q2/bin/../lib/gcc/arm-none-eabi/5.4.1/../../../../arm-none-eabi/lib/armv7-m\libg.a(lib_a-memcpy.o)
 .text          0x00000000        0x0 c:/program files (x86)/gnu tools arm embedded/5.4 2016q2/bin/../lib/gcc/arm-none-eabi/5.4.1/../../../../arm-none-eabi/lib/armv7-m\libg.a(lib_a-memset.o)
 .data          0x00000000        0x0 c:/program files (x86)/gnu tools arm embedded/5.4 2016q2/bin/../lib/gcc/arm-none-eabi/5.4.1/../../../../arm-none-eabi/lib/armv7-m\libg.a(lib_a-memset.o)
 .bss           0x00000000        0x0 c:/program files (x86)/gnu tools arm embedded/5.4 2016q2/bin/../lib/gcc/arm-none-eabi/5.4.1/../../../../arm-none-eabi/lib/armv7-m\libg.a(lib_a-memset.o)
 .text.memset   0x00000000       0x9c c:/program files (x86)/gnu tools arm embedded/5.4 2016q2/bin/../lib/gcc/arm-none-eabi/5.4.1/../../../../arm-none-eabi/lib/armv7-m\libg.a(lib_a-memset.o)
 .debug_frame   0x00000000       0x34 c:/program files (x86)/gnu tools arm embedded/5.4 2016q2/bin/../lib/gcc/arm-none-eabi/5.4.1/../../../../arm-none-eabi/lib/armv7-m\libg.a(lib_a-memset.o)
 .ARM.attributes
                0x00000000       0x2d c:/program files (x86)/gnu tools arm embedded/5.4 2016q2/bin/../lib/gcc/arm-none-eabi/5.4.1/../../../../arm-none-eabi/lib/armv7-m\libg.a(lib_a-memset.o)
 .text          0x00000000        0x0 c:/program files (x86)/gnu tools arm embedded/5.4 2016q2/bin/../lib/gcc/arm-none-eabi/5.4.1/../../../../arm-none-eabi/lib/armv7-m\libg.a(lib_a-__call_atexit.o)
 .data          0x00000000        0x0 c:/program files (x86)/gnu tools arm embedded/5.4 2016q2/bin/../lib/gcc/arm-none-eabi/5.4.1/../../../../arm-none-eabi/lib/armv7-m\libg.a(lib_a-__call_atexit.o)
 .bss           0x00000000        0x0 c:/program files (x86)/gnu tools arm embedded/5.4 2016q2/bin/../lib/gcc/arm-none-eabi/5.4.1/../../../../arm-none-eabi/lib/armv7-m\libg.a(lib_a-__call_atexit.o)
 .text.__call_exitprocs
                0x00000000       0xd8 c:/program files (x86)/gnu tools arm embedded/5.4 2016q2/bin/../lib/gcc/arm-none-eabi/5.4.1/../../../../arm-none-eabi/lib/armv7-m\libg.a(lib_a-__call_atexit.o)
 .text          0x00000000        0x0 c:/program files (x86)/gnu tools arm embedded/5.4 2016q2/bin/../lib/gcc/arm-none-eabi/5.4.1/../../../../arm-none-eabi/lib/armv7-m\libg.a(lib_a-atexit.o)
 .data          0x00000000        0x0 c:/program files (x86)/gnu tools arm embedded/5.4 2016q2/bin/../lib/gcc/arm-none-eabi/5.4.1/../../../../arm-none-eabi/lib/armv7-m\libg.a(lib_a-atexit.o)
 .bss           0x00000000        0x0 c:/program files (x86)/gnu tools arm embedded/5.4 2016q2/bin/../lib/gcc/arm-none-eabi/5.4.1/../../../../arm-none-eabi/lib/armv7-m\libg.a(lib_a-atexit.o)
 .text          0x00000000        0x0 c:/program files (x86)/gnu tools arm embedded/5.4 2016q2/bin/../lib/gcc/arm-none-eabi/5.4.1/../../../../arm-none-eabi/lib/armv7-m\libg.a(lib_a-fini.o)
 .data          0x00000000        0x0 c:/program files (x86)/gnu tools arm embedded/5.4 2016q2/bin/../lib/gcc/arm-none-eabi/5.4.1/../../../../arm-none-eabi/lib/armv7-m\libg.a(lib_a-fini.o)
 .bss           0x00000000        0x0 c:/program files (x86)/gnu tools arm embedded/5.4 2016q2/bin/../lib/gcc/arm-none-eabi/5.4.1/../../../../arm-none-eabi/lib/armv7-m\libg.a(lib_a-fini.o)
 .text          0x00000000        0x0 c:/program files (x86)/gnu tools arm embedded/5.4 2016q2/bin/../lib/gcc/arm-none-eabi/5.4.1/../../../../arm-none-eabi/lib/armv7-m\libg.a(lib_a-__atexit.o)
 .data          0x00000000        0x0 c:/program files (x86)/gnu tools arm embedded/5.4 2016q2/bin/../lib/gcc/arm-none-eabi/5.4.1/../../../../arm-none-eabi/lib/armv7-m\libg.a(lib_a-__atexit.o)
 .bss           0x00000000        0x0 c:/program files (x86)/gnu tools arm embedded/5.4 2016q2/bin/../lib/gcc/arm-none-eabi/5.4.1/../../../../arm-none-eabi/lib/armv7-m\libg.a(lib_a-__atexit.o)
 .text          0x00000000        0x0 c:/program files (x86)/gnu tools arm embedded/5.4 2016q2/bin/../lib/gcc/arm-none-eabi/5.4.1/armv7-m/crtend.o
 .data          0x00000000        0x0 c:/program files (x86)/gnu tools arm embedded/5.4 2016q2/bin/../lib/gcc/arm-none-eabi/5.4.1/armv7-m/crtend.o
 .bss           0x00000000        0x0 c:/program files (x86)/gnu tools arm embedded/5.4 2016q2/bin/../lib/gcc/arm-none-eabi/5.4.1/armv7-m/crtend.o
 .eh_frame      0x00000000        0x4 c:/program files (x86)/gnu tools arm embedded/5.4 2016q2/bin/../lib/gcc/arm-none-eabi/5.4.1/armv7-m/crtend.o
 .text          0x00000000        0x0 c:/program files (x86)/gnu tools arm embedded/5.4 2016q2/bin/../lib/gcc/arm-none-eabi/5.4.1/armv7-m/crtn.o
 .data          0x00000000        0x0 c:/program files (x86)/gnu tools arm embedded/5.4 2016q2/bin/../lib/gcc/arm-none-eabi/5.4.1/armv7-m/crtn.o
 .bss           0x00000000        0x0 c:/program files (x86)/gnu tools arm embedded/5.4 2016q2/bin/../lib/gcc/arm-none-eabi/5.4.1/armv7-m/crtn.o

Memory Configuration

Name             Origin             Length             Attributes
rom              0x08000000         0x00010000         xr
ram              0x20000000         0x00005000         xrw
*default*        0x00000000         0xffffffff

Linker script and memory map

LOAD c:/program files (x86)/gnu tools arm embedded/5.4 2016q2/bin/../lib/gcc/arm-none-eabi/5.4.1/armv7-m/crti.o
LOAD c:/program files (x86)/gnu tools arm embedded/5.4 2016q2/bin/../lib/gcc/arm-none-eabi/5.4.1/armv7-m/crtbegin.o
LOAD c:/program files (x86)/gnu tools arm embedded/5.4 2016q2/bin/../lib/gcc/arm-none-eabi/5.4.1/../../../../arm-none-eabi/lib/armv7-m/crt0.o
                0x20005000                _eram = 0x20005000

.text           0x08000000     0x6560
 *(.isr_vector)
 .isr_vector    0x08000000      0x10c ..\obj\startup_stm32f10x_md.o
                0x08000000                g_pfnVectors
 *(.text*)
 .text          0x0800010c       0x5c c:/program files (x86)/gnu tools arm embedded/5.4 2016q2/bin/../lib/gcc/arm-none-eabi/5.4.1/armv7-m/crtbegin.o
 .text          0x08000168      0x5e8 ..\obj\stm32f10x_gpio.o
                0x08000168                GPIO_DeInit
                0x0800024c                GPIO_AFIODeInit
                0x08000264                GPIO_Init
                0x080003dc                GPIO_StructInit
                0x08000404                GPIO_ReadInputDataBit
                0x08000438                GPIO_ReadInputData
                0x08000450                GPIO_ReadOutputDataBit
                0x08000484                GPIO_ReadOutputData
                0x0800049c                GPIO_SetBits
                0x080004b8                GPIO_ResetBits
                0x080004d4                GPIO_WriteBit
                0x08000504                GPIO_Write
                0x08000520                GPIO_PinLockConfig
                0x08000564                GPIO_EventOutputConfig
                0x080005b0                GPIO_EventOutputCmd
                0x080005d0                GPIO_PinRemapConfig
                0x080006b0                GPIO_EXTILineConfig
                0x08000734                GPIO_ETH_MediaInterfaceConfig
 .text          0x08000750      0x218 ..\obj\display.o
                0x08000750                display_init
                0x08000784                sendspibyte
                0x080007ec                senddigit
                0x080008c0                display_output
 .text          0x08000968      0x7d0 ..\obj\stm32f10x_rcc.o
                0x08000968                RCC_DeInit
                0x080009c4                RCC_HSEConfig
                0x08000a20                RCC_WaitForHSEStartUp
                0x08000a70                RCC_AdjustHSICalibrationValue
                0x08000aac                RCC_HSICmd
                0x08000acc                RCC_PLLConfig
                0x08000b08                RCC_PLLCmd
                0x08000b28                RCC_SYSCLKConfig
                0x08000b60                RCC_GetSYSCLKSource
                0x08000b7c                RCC_HCLKConfig
                0x08000bb4                RCC_PCLK1Config
                0x08000bec                RCC_PCLK2Config
                0x08000c24                RCC_ITConfig
                0x08000c70                RCC_USBCLKConfig
                0x08000c8c                RCC_ADCCLKConfig
                0x08000cc4                RCC_LSEConfig
                0x08000d04                RCC_LSICmd
                0x08000d24                RCC_RTCCLKConfig
                0x08000d48                RCC_RTCCLKCmd
                0x08000d68                RCC_GetClocksFreq
                0x08000ec8                RCC_AHBPeriphClockCmd
                0x08000f04                RCC_APB2PeriphClockCmd
                0x08000f40                RCC_APB1PeriphClockCmd
                0x08000f7c                RCC_APB2PeriphResetCmd
                0x08000fb8                RCC_APB1PeriphResetCmd
                0x08000ff4                RCC_BackupResetCmd
                0x08001014                RCC_ClockSecuritySystemCmd
                0x08001034                RCC_MCOConfig
                0x08001054                RCC_GetFlagStatus
                0x080010c8                RCC_ClearFlag
                0x080010e4                RCC_GetITStatus
                0x08001118                RCC_ClearITPendingBit
 .text          0x08001138      0x18c ..\obj\misc.o
                0x08001138                NVIC_PriorityGroupConfig
                0x0800115c                NVIC_Init
                0x08001220                NVIC_SetVectorTable
                0x0800124c                NVIC_SystemLPConfig
                0x0800128c                SysTick_CLKSourceConfig
 .text          0x080012c4      0x954 ..\obj\stm32f10x_i2c.o
                0x080012c4                I2C_DeInit
                0x0800130c                I2C_Init
                0x08001490                I2C_StructInit
                0x080014cc                I2C_Cmd
                0x0800150c                I2C_DMACmd
                0x0800154c                I2C_DMALastTransferCmd
                0x0800158c                I2C_GenerateSTART
                0x080015cc                I2C_GenerateSTOP
                0x0800160c                I2C_AcknowledgeConfig
                0x0800164c                I2C_OwnAddress2Config
                0x08001690                I2C_DualAddressCmd
                0x080016d0                I2C_GeneralCallCmd
                0x08001710                I2C_ITConfig
                0x08001758                I2C_SendData
                0x08001778                I2C_ReceiveData
                0x08001794                I2C_Send7bitAddress
                0x080017d0                I2C_ReadRegister
                0x080017fc                I2C_SoftwareResetCmd
                0x08001840                I2C_NACKPositionConfig
                0x08001880                I2C_SMBusAlertConfig
                0x080018c0                I2C_TransmitPEC
                0x08001900                I2C_PECPositionConfig
                0x08001940                I2C_CalculatePEC
                0x08001980                I2C_GetPEC
                0x080019a0                I2C_ARPCmd
                0x080019e0                I2C_StretchClockCmd
                0x08001a20                I2C_FastModeDutyCycleConfig
                0x08001a60                I2C_CheckEvent
                0x08001ac0                I2C_GetLastEvent
                0x08001b04                I2C_GetFlagStatus
                0x08001b68                I2C_ClearFlag
                0x08001b94                I2C_GetITStatus
                0x08001bec                I2C_ClearITPendingBit
 .text.Reset_Handler
                0x08001c18       0x44 ..\obj\startup_stm32f10x_md.o
                0x08001c18                Reset_Handler
 .text.Default_Handler
                0x08001c5c        0x2 ..\obj\startup_stm32f10x_md.o
                0x08001c5c                EXTI2_IRQHandler
                0x08001c5c                DebugMon_Handler
                0x08001c5c                TIM1_CC_IRQHandler
                0x08001c5c                HardFault_Handler
                0x08001c5c                SysTick_Handler
                0x08001c5c                PVD_IRQHandler
                0x08001c5c                PendSV_Handler
                0x08001c5c                NMI_Handler
                0x08001c5c                EXTI3_IRQHandler
                0x08001c5c                EXTI0_IRQHandler
                0x08001c5c                I2C2_EV_IRQHandler
                0x08001c5c                UsageFault_Handler
                0x08001c5c                ADC1_2_IRQHandler
                0x08001c5c                SPI1_IRQHandler
                0x08001c5c                TAMPER_IRQHandler
                0x08001c5c                DMA1_Channel4_IRQHandler
                0x08001c5c                USART3_IRQHandler
                0x08001c5c                RTC_IRQHandler
                0x08001c5c                DMA1_Channel7_IRQHandler
                0x08001c5c                CAN1_RX1_IRQHandler
                0x08001c5c                I2C1_EV_IRQHandler
                0x08001c5c                DMA1_Channel6_IRQHandler
                0x08001c5c                TIM3_IRQHandler
                0x08001c5c                RCC_IRQHandler
                0x08001c5c                TIM1_TRG_COM_IRQHandler
                0x08001c5c                DMA1_Channel1_IRQHandler
                0x08001c5c                Default_Handler
                0x08001c5c                EXTI15_10_IRQHandler
                0x08001c5c                EXTI9_5_IRQHandler
                0x08001c5c                SPI2_IRQHandler
                0x08001c5c                MemManage_Handler
                0x08001c5c                SVC_Handler
                0x08001c5c                DMA1_Channel5_IRQHandler
                0x08001c5c                EXTI4_IRQHandler
                0x08001c5c                USB_LP_CAN1_RX0_IRQHandler
                0x08001c5c                USB_HP_CAN1_TX_IRQHandler
                0x08001c5c                DMA1_Channel3_IRQHandler
                0x08001c5c                TIM1_UP_IRQHandler
                0x08001c5c                WWDG_IRQHandler
                0x08001c5c                TIM2_IRQHandler
                0x08001c5c                TIM1_BRK_IRQHandler
                0x08001c5c                EXTI1_IRQHandler
                0x08001c5c                RTCAlarm_IRQHandler
                0x08001c5c                USART2_IRQHandler
                0x08001c5c                I2C2_ER_IRQHandler
                0x08001c5c                DMA1_Channel2_IRQHandler
                0x08001c5c                CAN1_SCE_IRQHandler
                0x08001c5c                FLASH_IRQHandler
                0x08001c5c                BusFault_Handler
                0x08001c5c                I2C1_ER_IRQHandler
                0x08001c5c                USBWakeUp_IRQHandler
 *fill*         0x08001c5e        0x2 
 .text          0x08001c60      0x24c ..\obj\system_stm32f10x.o
                0x08001c60                SystemInit
                0x08001cc8                SystemCoreClockUpdate
 .text          0x08001eac      0x260 ..\obj\brightnesscontrol.o
                0x08001eac                adc_init
                0x08001f30                get_adc_value
                0x08001f5c                expfilter
                0x08001fc4                insolation
                0x08001ff4                PWM_init
                0x080020b0                nixie_dimming_init
                0x080020c0                nixie_dimming
 .text          0x0800210c       0xc4 ..\obj\stm32f10x_iwdg.o
                0x0800210c                IWDG_WriteAccessCmd
                0x0800212c                IWDG_SetPrescaler
                0x0800214c                IWDG_SetReload
                0x0800216c                IWDG_ReloadCounter
                0x08002184                IWDG_Enable
                0x0800219c                IWDG_GetFlagStatus
 .text          0x080021d0     0x1e0c ..\obj\stm32f10x_tim.o
                0x080021d0                TIM_DeInit
                0x080023fc                TIM_TimeBaseInit
                0x080024f4                TIM_OC1Init
                0x0800260c                TIM_OC2Init
                0x0800271c                TIM_OC3Init
                0x08002828                TIM_OC4Init
                0x080028f8                TIM_ICInit
                0x080029a0                TIM_PWMIConfig
                0x08002a58                TIM_BDTRConfig
                0x08002aa8                TIM_TimeBaseStructInit
                0x08002adc                TIM_OCStructInit
                0x08002b20                TIM_ICStructInit
                0x08002b50                TIM_BDTRStructInit
                0x08002b8c                TIM_Cmd
                0x08002bcc                TIM_CtrlPWMOutputs
                0x08002c18                TIM_ITConfig
                0x08002c60                TIM_GenerateEvent
                0x08002c7c                TIM_DMAConfig
                0x08002ca4                TIM_DMACmd
                0x08002cec                TIM_InternalClockConfig
                0x08002d10                TIM_ITRxExternalClockConfig
                0x08002d40                TIM_TIxExternalClockConfig
                0x08002d9c                TIM_ETRClockMode1Config
                0x08002dfc                TIM_ETRClockMode2Config
                0x08002e3c                TIM_ETRConfig
                0x08002e90                TIM_PrescalerConfig
                0x08002eb8                TIM_CounterModeConfig
                0x08002ef0                TIM_SelectInputTrigger
                0x08002f28                TIM_EncoderInterfaceConfig
                0x08002fc0                TIM_ForcedOC1Config
                0x08002ff8                TIM_ForcedOC2Config
                0x08003034                TIM_ForcedOC3Config
                0x0800306c                TIM_ForcedOC4Config
                0x080030a8                TIM_ARRPreloadConfig
                0x080030e8                TIM_SelectCOM
                0x08003128                TIM_SelectCCDMA
                0x08003168                TIM_CCPreloadControl
                0x080031a8                TIM_OC1PreloadConfig
                0x080031e0                TIM_OC2PreloadConfig
                0x0800321c                TIM_OC3PreloadConfig
                0x08003254                TIM_OC4PreloadConfig
                0x08003290                TIM_OC1FastConfig
                0x080032c8                TIM_OC2FastConfig
                0x08003304                TIM_OC3FastConfig
                0x0800333c                TIM_OC4FastConfig
                0x08003378                TIM_ClearOC1Ref
                0x080033b0                TIM_ClearOC2Ref
                0x080033ec                TIM_ClearOC3Ref
                0x08003424                TIM_ClearOC4Ref
                0x08003460                TIM_OC1PolarityConfig
                0x08003498                TIM_OC1NPolarityConfig
                0x080034d0                TIM_OC2PolarityConfig
                0x0800350c                TIM_OC2NPolarityConfig
                0x08003548                TIM_OC3PolarityConfig
                0x08003584                TIM_OC3NPolarityConfig
                0x080035c0                TIM_OC4PolarityConfig
                0x080035fc                TIM_CCxCmd
                0x08003654                TIM_CCxNCmd
                0x080036ac                TIM_SelectOCxM
                0x08003758                TIM_UpdateDisableConfig
                0x08003798                TIM_UpdateRequestConfig
                0x080037d8                TIM_SelectHallSensor
                0x08003818                TIM_SelectOnePulseMode
                0x08003850                TIM_SelectOutputTrigger
                0x08003888                TIM_SelectSlaveMode
                0x080038c0                TIM_SelectMasterSlaveMode
                0x080038f8                TIM_SetCounter
                0x08003914                TIM_SetAutoreload
                0x08003930                TIM_SetCompare1
                0x0800394c                TIM_SetCompare2
                0x08003968                TIM_SetCompare3
                0x08003984                TIM_SetCompare4
                0x080039a4                TIM_SetIC1Prescaler
                0x080039dc                TIM_SetIC2Prescaler
                0x08003a18                TIM_SetIC3Prescaler
                0x08003a50                TIM_SetIC4Prescaler
                0x08003a8c                TIM_SetClockDivision
                0x08003ac4                TIM_GetCapture1
                0x08003adc                TIM_GetCapture2
                0x08003af4                TIM_GetCapture3
                0x08003b0c                TIM_GetCapture4
                0x08003b28                TIM_GetCounter
                0x08003b40                TIM_GetPrescaler
                0x08003b58                TIM_GetFlagStatus
                0x08003b90                TIM_ClearFlag
                0x08003bb0                TIM_GetITStatus
                0x08003c04                TIM_ClearITPendingBit
 .text          0x08003fdc      0x904 ..\obj\stm32f10x_usart.o
                0x08003fdc                USART_DeInit
                0x08004094                USART_Init
                0x08004208                USART_StructInit
                0x08004240                USART_ClockInit
                0x08004298                USART_ClockStructInit
                0x080042c4                USART_Cmd
                0x08004304                USART_ITConfig
                0x08004394                USART_DMACmd
                0x080043dc                USART_SetAddress
                0x08004414                USART_WakeUpConfig
                0x0800444c                USART_ReceiverWakeUpCmd
                0x0800448c                USART_LINBreakDetectLengthConfig
                0x080044c4                USART_LINCmd
                0x08004504                USART_SendData
                0x08004528                USART_ReceiveData
                0x08004548                USART_SendBreak
                0x0800456c                USART_SetGuardTime
                0x080045a8                USART_SetPrescaler
                0x080045e0                USART_SmartCardCmd
                0x08004620                USART_SmartCardNACKCmd
                0x08004660                USART_HalfDuplexCmd
                0x080046a0                USART_OverSampling8Cmd
                0x080046e4                USART_OneBitMethodCmd
                0x08004724                USART_IrDAConfig
                0x0800475c                USART_IrDACmd
                0x0800479c                USART_GetFlagStatus
                0x080047d4                USART_ClearFlag
                0x080047f4                USART_GetITStatus
                0x080048a8                USART_ClearITPendingBit
 .text          0x080048e0      0xa30 ..\obj\stm32f10x_adc.o
                0x080048e0                ADC_DeInit
                0x08004954                ADC_Init
                0x080049f8                ADC_StructInit
                0x08004a30                ADC_Cmd
                0x08004a68                ADC_DMACmd
                0x08004aa0                ADC_ITConfig
                0x08004ae4                ADC_ResetCalibration
                0x08004b04                ADC_GetResetCalibrationStatus
                0x08004b34                ADC_StartCalibration
                0x08004b54                ADC_GetCalibrationStatus
                0x08004b84                ADC_SoftwareStartConvCmd
                0x08004bbc                ADC_GetSoftwareStartConvStatus
                0x08004bec                ADC_DiscModeChannelCountConfig
                0x08004c30                ADC_DiscModeCmd
                0x08004c68                ADC_RegularChannelConfig
                0x08004dfc                ADC_ExternalTrigConvCmd
                0x08004e34                ADC_GetConversionValue
                0x08004e4c                ADC_GetDualModeConversionValue
                0x08004e60                ADC_AutoInjectedConvCmd
                0x08004e98                ADC_InjectedDiscModeCmd
                0x08004ed0                ADC_ExternalTrigInjectedConvConfig
                0x08004f04                ADC_ExternalTrigInjectedConvCmd
                0x08004f3c                ADC_SoftwareStartInjectedConvCmd
                0x08004f74                ADC_GetSoftwareStartInjectedConvCmdStatus
                0x08004fa4                ADC_InjectedChannelConfig
                0x080050c4                ADC_InjectedSequencerLengthConfig
                0x08005108                ADC_SetInjectedOffset
                0x0800513c                ADC_GetInjectedConversionValue
                0x0800516c                ADC_AnalogWatchdogCmd
                0x080051a4                ADC_AnalogWatchdogThresholdsConfig
                0x080051cc                ADC_AnalogWatchdogSingleChannelConfig
                0x08005204                ADC_TempSensorVrefintCmd
                0x0800523c                ADC_GetFlagStatus
                0x08005270                ADC_ClearFlag
                0x08005290                ADC_GetITStatus
                0x080052e4                ADC_ClearITPendingBit
 .text          0x08005310      0xf8c ..\obj\main.o
                0x08005340                watchdog_timer_init
                0x0800537c                bcdtodec
                0x080053a4                dectobcd
                0x080053e4                DS3231_ReadDateRAW
                0x08005518                DS3231_WriteDateRAW
                0x080055d4                DS3231_init
                0x080056c4                DS3231_is_reset
                0x080056dc                DS3231_startsettings
                0x08005788                hhmmss
                0x080057cc                alarm_hhmmss
                0x08005800                alarmreset
                0x08005848                USART1_Init
                0x080058e0                USART1_SendChar
                0x08005910                GPS_init
                0x08005b50                synctime
                0x08005cc8                USART1_IRQHandler
                0x08005f30                buttons_init
                0x08005f60                alarm_indication_init
                0x08005f90                alarm_indication
                0x08005fa8                buttons_timer_init
                0x08006010                minincr
                0x08006050                hourincr
                0x08006090                alarmminincr
                0x080060d0                alarmhourincr
                0x08006110                TIM4_IRQHandler
                0x080061e4                main
 .text          0x0800629c       0xec c:/program files (x86)/gnu tools arm embedded/5.4 2016q2/bin/../lib/gcc/arm-none-eabi/5.4.1/../../../../arm-none-eabi/lib/armv7-m\libg.a(lib_a-memcpy.o)
                0x0800629c                memcpy
 .text.startup.register_fini
                0x08006388       0x14 c:/program files (x86)/gnu tools arm embedded/5.4 2016q2/bin/../lib/gcc/arm-none-eabi/5.4.1/../../../../arm-none-eabi/lib/armv7-m\libg.a(lib_a-__call_atexit.o)
 .text.atexit   0x0800639c        0xc c:/program files (x86)/gnu tools arm embedded/5.4 2016q2/bin/../lib/gcc/arm-none-eabi/5.4.1/../../../../arm-none-eabi/lib/armv7-m\libg.a(lib_a-atexit.o)
                0x0800639c                atexit
 .text.__libc_fini_array
                0x080063a8       0x28 c:/program files (x86)/gnu tools arm embedded/5.4 2016q2/bin/../lib/gcc/arm-none-eabi/5.4.1/../../../../arm-none-eabi/lib/armv7-m\libg.a(lib_a-fini.o)
                0x080063a8                __libc_fini_array
 .text.__register_exitproc
                0x080063d0       0xa4 c:/program files (x86)/gnu tools arm embedded/5.4 2016q2/bin/../lib/gcc/arm-none-eabi/5.4.1/../../../../arm-none-eabi/lib/armv7-m\libg.a(lib_a-__atexit.o)
                0x080063d0                __register_exitproc
 *(.init)
 .init          0x08006474        0x4 c:/program files (x86)/gnu tools arm embedded/5.4 2016q2/bin/../lib/gcc/arm-none-eabi/5.4.1/armv7-m/crti.o
                0x08006474                _init
 .init          0x08006478        0x8 c:/program files (x86)/gnu tools arm embedded/5.4 2016q2/bin/../lib/gcc/arm-none-eabi/5.4.1/armv7-m/crtn.o
 *(.fini)
 .fini          0x08006480        0x4 c:/program files (x86)/gnu tools arm embedded/5.4 2016q2/bin/../lib/gcc/arm-none-eabi/5.4.1/armv7-m/crti.o
                0x08006480                _fini
 .fini          0x08006484        0x8 c:/program files (x86)/gnu tools arm embedded/5.4 2016q2/bin/../lib/gcc/arm-none-eabi/5.4.1/armv7-m/crtn.o
 *crtbegin.o(.ctors)
 *crtbegin?.o(.ctors)
 *(EXCLUDE_FILE(*crtend.o *crtend?.o) .ctors)
 *(SORT(.ctors.*))
 *(.ctors)
 *crtbegin.o(.dtors)
 *crtbegin?.o(.dtors)
 *(EXCLUDE_FILE(*crtend.o *crtend?.o) .dtors)
 *(SORT(.dtors.*))
 *(.dtors)
 *(.rodata*)
 .rodata        0x0800648c       0xc9 ..\obj\main.o
 *fill*         0x08006555        0x3 
 .rodata.str1.4
                0x08006558        0x4 c:/program files (x86)/gnu tools arm embedded/5.4 2016q2/bin/../lib/gcc/arm-none-eabi/5.4.1/../../../../arm-none-eabi/lib/armv7-m\libg.a(lib_a-impure.o)
                                  0x2 (size before relaxing)
 .rodata._global_impure_ptr
                0x0800655c        0x4 c:/program files (x86)/gnu tools arm embedded/5.4 2016q2/bin/../lib/gcc/arm-none-eabi/5.4.1/../../../../arm-none-eabi/lib/armv7-m\libg.a(lib_a-impure.o)
                0x0800655c                _global_impure_ptr
 *(.eh_fram e*)

.eh_frame       0x08006560        0x0
 .eh_frame      0x08006560        0x0 c:/program files (x86)/gnu tools arm embedded/5.4 2016q2/bin/../lib/gcc/arm-none-eabi/5.4.1/armv7-m/crtbegin.o

.glue_7         0x08006560        0x0
 .glue_7        0x08006560        0x0 linker stubs

.glue_7t        0x08006560        0x0
 .glue_7t       0x08006560        0x0 linker stubs

.vfp11_veneer   0x08006560        0x0
 .vfp11_veneer  0x08006560        0x0 linker stubs

.v4_bx          0x08006560        0x0
 .v4_bx         0x08006560        0x0 linker stubs

.iplt           0x08006560        0x0
 .iplt          0x08006560        0x0 c:/program files (x86)/gnu tools arm embedded/5.4 2016q2/bin/../lib/gcc/arm-none-eabi/5.4.1/armv7-m/crtbegin.o

.rel.dyn        0x08006560        0x0
 .rel.iplt      0x08006560        0x0 c:/program files (x86)/gnu tools arm embedded/5.4 2016q2/bin/../lib/gcc/arm-none-eabi/5.4.1/armv7-m/crtbegin.o

.ARM.extab
 *(.ARM.extab* .gnu.linkonce.armextab.*)
                0x08006560                __exidx_start = .

.ARM.exidx
 *(.ARM.exidx* .gnu.linkonce.armexidx.*)
                0x08006560                __exidx_end = .
                0x08006560                __etext = .
                0x08006560                _sidata = __etext

.data           0x20000000      0x460 load address 0x08006560
                0x20000000                __data_start__ = .
                0x20000000                _sdata = __data_start__
 *(vtable)
 *(.data*)
 .data          0x20000000       0x14 ..\obj\stm32f10x_rcc.o
 .data          0x20000014       0x14 ..\obj\system_stm32f10x.o
                0x20000014                SystemCoreClock
                0x20000018                AHBPrescTable
 .data.impure_data
                0x20000028      0x428 c:/program files (x86)/gnu tools arm embedded/5.4 2016q2/bin/../lib/gcc/arm-none-eabi/5.4.1/../../../../arm-none-eabi/lib/armv7-m\libg.a(lib_a-impure.o)
                0x20000450                . = ALIGN (0x4)
                0x20000450                PROVIDE (__preinit_array_start, .)
 *(.preinit_array)
                0x20000450                PROVIDE (__preinit_array_end, .)
                0x20000450                . = ALIGN (0x4)
                0x20000450                PROVIDE (__init_array_start, .)
 *(SORT(.init_array.*))
 .init_array.00000
                0x20000450        0x4 c:/program files (x86)/gnu tools arm embedded/5.4 2016q2/bin/../lib/gcc/arm-none-eabi/5.4.1/../../../../arm-none-eabi/lib/armv7-m\libg.a(lib_a-__call_atexit.o)
 *(.init_array)
 .init_array    0x20000454        0x4 c:/program files (x86)/gnu tools arm embedded/5.4 2016q2/bin/../lib/gcc/arm-none-eabi/5.4.1/armv7-m/crtbegin.o
                0x20000458                PROVIDE (__init_array_end, .)
                0x20000458                . = ALIGN (0x4)
                0x20000458                PROVIDE (__fini_array_start, .)
 *(SORT(.fini_array.*))
 *(.fini_array)
 .fini_array    0x20000458        0x4 c:/program files (x86)/gnu tools arm embedded/5.4 2016q2/bin/../lib/gcc/arm-none-eabi/5.4.1/armv7-m/crtbegin.o
                0x2000045c                PROVIDE (__fini_array_end, .)
 *(.jcr*)
 .jcr           0x2000045c        0x0 c:/program files (x86)/gnu tools arm embedded/5.4 2016q2/bin/../lib/gcc/arm-none-eabi/5.4.1/armv7-m/crtbegin.o
 .jcr           0x2000045c        0x4 c:/program files (x86)/gnu tools arm embedded/5.4 2016q2/bin/../lib/gcc/arm-none-eabi/5.4.1/armv7-m/crtend.o
                0x20000460                . = ALIGN (0x4)
                0x20000460                __data_end__ = .
                0x20000460                _edata = __data_end__

.igot.plt       0x20000460        0x0 load address 0x080069c0
 .igot.plt      0x20000460        0x0 c:/program files (x86)/gnu tools arm embedded/5.4 2016q2/bin/../lib/gcc/arm-none-eabi/5.4.1/armv7-m/crtbegin.o

.bss            0x20000460       0x70 load address 0x080069c0
                0x20000460                . = ALIGN (0x4)
                0x20000460                __bss_start__ = .
                0x20000460                _sbss = __bss_start__
 *(.bss*)
 .bss           0x20000460       0x1c c:/program files (x86)/gnu tools arm embedded/5.4 2016q2/bin/../lib/gcc/arm-none-eabi/5.4.1/armv7-m/crtbegin.o
 .bss           0x2000047c        0x8 ..\obj\brightnesscontrol.o
 .bss           0x20000484       0x15 ..\obj\main.o
                0x20000484                timesettings_ischanged
                0x20000488                tm_ready
                0x20000489                conf_mode
                0x2000048c                syncgps
 *(COMMON)
 *fill*         0x20000499        0x3 
 COMMON         0x2000049c       0x1c ..\obj\brightnesscontrol.o
                0x2000049c                TIM_TimeBaseStructure
                0x200004a8                TIM_OCInitStructure
 COMMON         0x200004b8       0x17 ..\obj\main.o
                0x200004b8                display_alarm
                0x200004bc                date
                0x200004d0                . = ALIGN (0x4)
 *fill*         0x200004cf        0x1 
                0x200004d0                __bss_end__ = .
                0x200004d0                _ebss = __bss_end__

.heap           0x200004d0        0x0
                0x200004d0                __end__ = .
                0x200004d0                _end = __end__
                0x200004d0                end = __end__
 *(.heap*)
                0x200004d0                __HeapLimit = .

.co_stack       0x200004d0        0x0
                0x200004d0                . = ALIGN (0x8)
 *(.co_stack .co_stack.*)
                0x20005000                __StackTop = (ORIGIN (ram) + LENGTH (ram))
                0x20005000                __StackLimit = (__StackTop - SIZEOF (.co_stack))
                0x20005000                PROVIDE (__stack, __StackTop)
                0x00000001                ASSERT ((__StackLimit >= __HeapLimit), region ram  overflowed with stack)
LOAD ..\obj\stm32f10x_fsmc.o
LOAD ..\obj\stm32f10x_gpio.o
LOAD ..\obj\display.o
LOAD ..\obj\stm32f10x_rcc.o
LOAD ..\obj\stm32f10x_dma.o
LOAD ..\obj\stm32f10x_sdio.o
LOAD ..\obj\misc.o
LOAD ..\obj\stm32f10x_dbgmcu.o
LOAD ..\obj\stm32f10x_i2c.o
LOAD ..\obj\stm32f10x_pwr.o
LOAD ..\obj\startup_stm32f10x_md.o
LOAD ..\obj\stm32f10x_cec.o
LOAD ..\obj\system_stm32f10x.o
LOAD ..\obj\stm32f10x_bkp.o
LOAD ..\obj\stm32f10x_can.o
LOAD ..\obj\stm32f10x_flash.o
LOAD ..\obj\stm32f10x_spi.o
LOAD ..\obj\brightnesscontrol.o
LOAD ..\obj\stm32f10x_iwdg.o
LOAD ..\obj\stm32f10x_wwdg.o
LOAD ..\obj\stm32f10x_tim.o
LOAD ..\obj\stm32f10x_rtc.o
LOAD ..\obj\stm32f10x_usart.o
LOAD ..\obj\stm32f10x_crc.o
LOAD ..\obj\stm32f10x_adc.o
LOAD ..\obj\stm32f10x_exti.o
LOAD ..\obj\stm32f10x_dac.o
LOAD ..\obj\main.o
START GROUP
LOAD c:/program files (x86)/gnu tools arm embedded/5.4 2016q2/bin/../lib/gcc/arm-none-eabi/5.4.1/armv7-m\libgcc.a
LOAD c:/program files (x86)/gnu tools arm embedded/5.4 2016q2/bin/../lib/gcc/arm-none-eabi/5.4.1/../../../../arm-none-eabi/lib/armv7-m\libg.a
LOAD c:/program files (x86)/gnu tools arm embedded/5.4 2016q2/bin/../lib/gcc/arm-none-eabi/5.4.1/../../../../arm-none-eabi/lib/armv7-m\libc.a
END GROUP
LOAD c:/program files (x86)/gnu tools arm embedded/5.4 2016q2/bin/../lib/gcc/arm-none-eabi/5.4.1/armv7-m/crtend.o
LOAD c:/program files (x86)/gnu tools arm embedded/5.4 2016q2/bin/../lib/gcc/arm-none-eabi/5.4.1/armv7-m/crtn.o
OUTPUT(STM32-Nixie.elf elf32-littlearm)

.ARM.attributes
                0x00000000       0x29
 .ARM.attributes
                0x00000000       0x1d c:/program files (x86)/gnu tools arm embedded/5.4 2016q2/bin/../lib/gcc/arm-none-eabi/5.4.1/armv7-m/crti.o
 .ARM.attributes
                0x0000001d       0x2d c:/program files (x86)/gnu tools arm embedded/5.4 2016q2/bin/../lib/gcc/arm-none-eabi/5.4.1/armv7-m/crtbegin.o
 .ARM.attributes
                0x0000004a       0x33 ..\obj\stm32f10x_gpio.o
 .ARM.attributes
                0x0000007d       0x33 ..\obj\display.o
 .ARM.attributes
                0x000000b0       0x33 ..\obj\stm32f10x_rcc.o
 .ARM.attributes
                0x000000e3       0x33 ..\obj\misc.o
 .ARM.attributes
                0x00000116       0x33 ..\obj\stm32f10x_i2c.o
 .ARM.attributes
                0x00000149       0x21 ..\obj\startup_stm32f10x_md.o
 .ARM.attributes
                0x0000016a       0x33 ..\obj\system_stm32f10x.o
 .ARM.attributes
                0x0000019d       0x33 ..\obj\brightnesscontrol.o
 .ARM.attributes
                0x000001d0       0x33 ..\obj\stm32f10x_iwdg.o
 .ARM.attributes
                0x00000203       0x33 ..\obj\stm32f10x_tim.o
 .ARM.attributes
                0x00000236       0x33 ..\obj\stm32f10x_usart.o
 .ARM.attributes
                0x00000269       0x33 ..\obj\stm32f10x_adc.o
 .ARM.attributes
                0x0000029c       0x33 ..\obj\main.o
 .ARM.attributes
                0x000002cf       0x2d c:/program files (x86)/gnu tools arm embedded/5.4 2016q2/bin/../lib/gcc/arm-none-eabi/5.4.1/../../../../arm-none-eabi/lib/armv7-m\libg.a(lib_a-impure.o)
 .ARM.attributes
                0x000002fc       0x1b c:/program files (x86)/gnu tools arm embedded/5.4 2016q2/bin/../lib/gcc/arm-none-eabi/5.4.1/../../../../arm-none-eabi/lib/armv7-m\libg.a(lib_a-memcpy.o)
 .ARM.attributes
                0x00000317       0x2d c:/program files (x86)/gnu tools arm embedded/5.4 2016q2/bin/../lib/gcc/arm-none-eabi/5.4.1/../../../../arm-none-eabi/lib/armv7-m\libg.a(lib_a-__call_atexit.o)
 .ARM.attributes
                0x00000344       0x2d c:/program files (x86)/gnu tools arm embedded/5.4 2016q2/bin/../lib/gcc/arm-none-eabi/5.4.1/../../../../arm-none-eabi/lib/armv7-m\libg.a(lib_a-atexit.o)
 .ARM.attributes
                0x00000371       0x2d c:/program files (x86)/gnu tools arm embedded/5.4 2016q2/bin/../lib/gcc/arm-none-eabi/5.4.1/../../../../arm-none-eabi/lib/armv7-m\libg.a(lib_a-fini.o)
 .ARM.attributes
                0x0000039e       0x2d c:/program files (x86)/gnu tools arm embedded/5.4 2016q2/bin/../lib/gcc/arm-none-eabi/5.4.1/../../../../arm-none-eabi/lib/armv7-m\libg.a(lib_a-__atexit.o)
 .ARM.attributes
                0x000003cb       0x2d c:/program files (x86)/gnu tools arm embedded/5.4 2016q2/bin/../lib/gcc/arm-none-eabi/5.4.1/armv7-m/crtend.o
 .ARM.attributes
                0x000003f8       0x1d c:/program files (x86)/gnu tools arm embedded/5.4 2016q2/bin/../lib/gcc/arm-none-eabi/5.4.1/armv7-m/crtn.o

.comment        0x00000000       0x6e
 .comment       0x00000000       0x6e ..\obj\stm32f10x_gpio.o
                                 0x6f (size before relaxing)
 .comment       0x0000006e       0x6f ..\obj\display.o
 .comment       0x0000006e       0x6f ..\obj\stm32f10x_rcc.o
 .comment       0x0000006e       0x6f ..\obj\misc.o
 .comment       0x0000006e       0x6f ..\obj\stm32f10x_i2c.o
 .comment       0x0000006e       0x6f ..\obj\system_stm32f10x.o
 .comment       0x0000006e       0x6f ..\obj\brightnesscontrol.o
 .comment       0x0000006e       0x6f ..\obj\stm32f10x_iwdg.o
 .comment       0x0000006e       0x6f ..\obj\stm32f10x_tim.o
 .comment       0x0000006e       0x6f ..\obj\stm32f10x_usart.o
 .comment       0x0000006e       0x6f ..\obj\stm32f10x_adc.o
 .comment       0x0000006e       0x6f ..\obj\main.o

.debug_info     0x00000000     0x7563
 .debug_info    0x00000000      0x6f6 ..\obj\stm32f10x_gpio.o
 .debug_info    0x000006f6      0x313 ..\obj\display.o
 .debug_info    0x00000a09      0x8a3 ..\obj\stm32f10x_rcc.o
 .debug_info    0x000012ac      0x556 ..\obj\misc.o
 .debug_info    0x00001802      0xb0c ..\obj\stm32f10x_i2c.o
 .debug_info    0x0000230e       0xdb ..\obj\startup_stm32f10x_md.o
 .debug_info    0x000023e9      0x49c ..\obj\system_stm32f10x.o
 .debug_info    0x00002885      0x7ec ..\obj\brightnesscontrol.o
 .debug_info    0x00003071      0x20e ..\obj\stm32f10x_iwdg.o
 .debug_info    0x0000327f     0x1c60 ..\obj\stm32f10x_tim.o
 .debug_info    0x00004edf      0x9f0 ..\obj\stm32f10x_usart.o
 .debug_info    0x000058cf      0xb7c ..\obj\stm32f10x_adc.o
 .debug_info    0x0000644b     0x1118 ..\obj\main.o

.debug_abbrev   0x00000000     0x1307
 .debug_abbrev  0x00000000      0x1cc ..\obj\stm32f10x_gpio.o
 .debug_abbrev  0x000001cc      0x118 ..\obj\display.o
 .debug_abbrev  0x000002e4      0x1bc ..\obj\stm32f10x_rcc.o
 .debug_abbrev  0x000004a0      0x147 ..\obj\misc.o
 .debug_abbrev  0x000005e7      0x166 ..\obj\stm32f10x_i2c.o
 .debug_abbrev  0x0000074d       0x12 ..\obj\startup_stm32f10x_md.o
 .debug_abbrev  0x0000075f      0x14e ..\obj\system_stm32f10x.o
 .debug_abbrev  0x000008ad      0x1a7 ..\obj\brightnesscontrol.o
 .debug_abbrev  0x00000a54      0x103 ..\obj\stm32f10x_iwdg.o
 .debug_abbrev  0x00000b57      0x1b2 ..\obj\stm32f10x_tim.o
 .debug_abbrev  0x00000d09      0x164 ..\obj\stm32f10x_usart.o
 .debug_abbrev  0x00000e6d      0x19a ..\obj\stm32f10x_adc.o
 .debug_abbrev  0x00001007      0x300 ..\obj\main.o

.debug_aranges  0x00000000      0x1a8
 .debug_aranges
                0x00000000       0x20 ..\obj\stm32f10x_gpio.o
 .debug_aranges
                0x00000020       0x20 ..\obj\display.o
 .debug_aranges
                0x00000040       0x20 ..\obj\stm32f10x_rcc.o
 .debug_aranges
                0x00000060       0x20 ..\obj\misc.o
 .debug_aranges
                0x00000080       0x20 ..\obj\stm32f10x_i2c.o
 .debug_aranges
                0x000000a0       0x28 ..\obj\startup_stm32f10x_md.o
 .debug_aranges
                0x000000c8       0x20 ..\obj\system_stm32f10x.o
 .debug_aranges
                0x000000e8       0x20 ..\obj\brightnesscontrol.o
 .debug_aranges
                0x00000108       0x20 ..\obj\stm32f10x_iwdg.o
 .debug_aranges
                0x00000128       0x20 ..\obj\stm32f10x_tim.o
 .debug_aranges
                0x00000148       0x20 ..\obj\stm32f10x_usart.o
 .debug_aranges
                0x00000168       0x20 ..\obj\stm32f10x_adc.o
 .debug_aranges
                0x00000188       0x20 ..\obj\main.o

.debug_line     0x00000000     0x283e
 .debug_line    0x00000000      0x2ec ..\obj\stm32f10x_gpio.o
 .debug_line    0x000002ec      0x299 ..\obj\display.o
 .debug_line    0x00000585      0x335 ..\obj\stm32f10x_rcc.o
 .debug_line    0x000008ba      0x20b ..\obj\misc.o
 .debug_line    0x00000ac5      0x33c ..\obj\stm32f10x_i2c.o
 .debug_line    0x00000e01       0xd1 ..\obj\startup_stm32f10x_md.o
 .debug_line    0x00000ed2      0x256 ..\obj\system_stm32f10x.o
 .debug_line    0x00001128      0x2c2 ..\obj\brightnesscontrol.o
 .debug_line    0x000013ea      0x1fb ..\obj\stm32f10x_iwdg.o
 .debug_line    0x000015e5      0x6b1 ..\obj\stm32f10x_tim.o
 .debug_line    0x00001c96      0x342 ..\obj\stm32f10x_usart.o
 .debug_line    0x00001fd8      0x35d ..\obj\stm32f10x_adc.o
 .debug_line    0x00002335      0x509 ..\obj\main.o

.debug_str      0x00000000     0x2f31
 .debug_str     0x00000000      0x4e6 ..\obj\stm32f10x_gpio.o
                                0x53c (size before relaxing)
 .debug_str     0x000004e6       0xa3 ..\obj\display.o
                                0x33d (size before relaxing)
 .debug_str     0x00000589      0x480 ..\obj\stm32f10x_rcc.o
                                0x63d (size before relaxing)
 .debug_str     0x00000a09      0x26d ..\obj\misc.o
                                0x3e1 (size before relaxing)
 .debug_str     0x00000c76      0x424 ..\obj\stm32f10x_i2c.o
                                0x689 (size before relaxing)
 .debug_str     0x0000109a       0xe3 ..\obj\system_stm32f10x.o
                                0x313 (size before relaxing)
 .debug_str     0x0000117d      0x379 ..\obj\brightnesscontrol.o
                                0x687 (size before relaxing)
 .debug_str     0x000014f6      0x10e ..\obj\stm32f10x_iwdg.o
                                0x27f (size before relaxing)
 .debug_str     0x00001604      0xa05 ..\obj\stm32f10x_tim.o
                                0xe00 (size before relaxing)
 .debug_str     0x00002009      0x45d ..\obj\stm32f10x_usart.o
                                0x6b3 (size before relaxing)
 .debug_str     0x00002466      0x48d ..\obj\stm32f10x_adc.o
                                0x71e (size before relaxing)
 .debug_str     0x000028f3      0x63e ..\obj\main.o
                                0xc6b (size before relaxing)

.debug_frame    0x00000000     0x2dfc
 .debug_frame   0x00000000      0x2d0 ..\obj\stm32f10x_gpio.o
 .debug_frame   0x000002d0       0xa0 ..\obj\display.o
 .debug_frame   0x00000370      0x4f4 ..\obj\stm32f10x_rcc.o
 .debug_frame   0x00000864       0xd8 ..\obj\misc.o
 .debug_frame   0x0000093c      0x530 ..\obj\stm32f10x_i2c.o
 .debug_frame   0x00000e6c       0x98 ..\obj\system_stm32f10x.o
 .debug_frame   0x00000f04      0x100 ..\obj\brightnesscontrol.o
 .debug_frame   0x00001004       0xf0 ..\obj\stm32f10x_iwdg.o
 .debug_frame   0x000010f4      0xe2c ..\obj\stm32f10x_tim.o
 .debug_frame   0x00001f20      0x490 ..\obj\stm32f10x_usart.o
 .debug_frame   0x000023b0      0x5a4 ..\obj\stm32f10x_adc.o
 .debug_frame   0x00002954      0x3d0 ..\obj\main.o
 .debug_frame   0x00002d24       0x50 c:/program files (x86)/gnu tools arm embedded/5.4 2016q2/bin/../lib/gcc/arm-none-eabi/5.4.1/../../../../arm-none-eabi/lib/armv7-m\libg.a(lib_a-__call_atexit.o)
 .debug_frame   0x00002d74       0x20 c:/program files (x86)/gnu tools arm embedded/5.4 2016q2/bin/../lib/gcc/arm-none-eabi/5.4.1/../../../../arm-none-eabi/lib/armv7-m\libg.a(lib_a-atexit.o)
 .debug_frame   0x00002d94       0x34 c:/program files (x86)/gnu tools arm embedded/5.4 2016q2/bin/../lib/gcc/arm-none-eabi/5.4.1/../../../../arm-none-eabi/lib/armv7-m\libg.a(lib_a-fini.o)
 .debug_frame   0x00002dc8       0x34 c:/program files (x86)/gnu tools arm embedded/5.4 2016q2/bin/../lib/gcc/arm-none-eabi/5.4.1/../../../../arm-none-eabi/lib/armv7-m\libg.a(lib_a-__atexit.o)

.debug_ranges   0x00000000       0x20
 .debug_ranges  0x00000000       0x20 ..\obj\startup_stm32f10x_md.o
