Archive member included to satisfy reference by file (symbol)

c:/program files (x86)/gnu tools arm embedded/5.4 2016q2/bin/../lib/gcc/arm-none-eabi/5.4.1/../../../../arm-none-eabi/lib/armv7-m\libg.a(lib_a-exit.o)
                              c:/program files (x86)/gnu tools arm embedded/5.4 2016q2/bin/../lib/gcc/arm-none-eabi/5.4.1/../../../../arm-none-eabi/lib/armv7-m/crt0.o (exit)
c:/program files (x86)/gnu tools arm embedded/5.4 2016q2/bin/../lib/gcc/arm-none-eabi/5.4.1/../../../../arm-none-eabi/lib/armv7-m\libg.a(lib_a-impure.o)
                              c:/program files (x86)/gnu tools arm embedded/5.4 2016q2/bin/../lib/gcc/arm-none-eabi/5.4.1/../../../../arm-none-eabi/lib/armv7-m\libg.a(lib_a-exit.o) (_global_impure_ptr)
c:/program files (x86)/gnu tools arm embedded/5.4 2016q2/bin/../lib/gcc/arm-none-eabi/5.4.1/../../../../arm-none-eabi/lib/armv7-m\libg.a(lib_a-init.o)
                              c:/program files (x86)/gnu tools arm embedded/5.4 2016q2/bin/../lib/gcc/arm-none-eabi/5.4.1/../../../../arm-none-eabi/lib/armv7-m/crt0.o (__libc_init_array)
c:/program files (x86)/gnu tools arm embedded/5.4 2016q2/bin/../lib/gcc/arm-none-eabi/5.4.1/../../../../arm-none-eabi/lib/armv7-m\libg.a(lib_a-memcpy.o)
                              ..\obj\main.o (memcpy)
c:/program files (x86)/gnu tools arm embedded/5.4 2016q2/bin/../lib/gcc/arm-none-eabi/5.4.1/../../../../arm-none-eabi/lib/armv7-m\libg.a(lib_a-memset.o)
                              c:/program files (x86)/gnu tools arm embedded/5.4 2016q2/bin/../lib/gcc/arm-none-eabi/5.4.1/../../../../arm-none-eabi/lib/armv7-m/crt0.o (memset)
c:/program files (x86)/gnu tools arm embedded/5.4 2016q2/bin/../lib/gcc/arm-none-eabi/5.4.1/../../../../arm-none-eabi/lib/armv7-m\libg.a(lib_a-__call_atexit.o)
                              c:/program files (x86)/gnu tools arm embedded/5.4 2016q2/bin/../lib/gcc/arm-none-eabi/5.4.1/../../../../arm-none-eabi/lib/armv7-m\libg.a(lib_a-exit.o) (__call_exitprocs)
c:/program files (x86)/gnu tools arm embedded/5.4 2016q2/bin/../lib/gcc/arm-none-eabi/5.4.1/../../../../arm-none-eabi/lib/armv7-m\libg.a(lib_a-atexit.o)
                              c:/program files (x86)/gnu tools arm embedded/5.4 2016q2/bin/../lib/gcc/arm-none-eabi/5.4.1/../../../../arm-none-eabi/lib/armv7-m\libg.a(lib_a-__call_atexit.o) (atexit)
c:/program files (x86)/gnu tools arm embedded/5.4 2016q2/bin/../lib/gcc/arm-none-eabi/5.4.1/../../../../arm-none-eabi/lib/armv7-m\libg.a(lib_a-fini.o)
                              c:/program files (x86)/gnu tools arm embedded/5.4 2016q2/bin/../lib/gcc/arm-none-eabi/5.4.1/../../../../arm-none-eabi/lib/armv7-m\libg.a(lib_a-__call_atexit.o) (__libc_fini_array)
c:/program files (x86)/gnu tools arm embedded/5.4 2016q2/bin/../lib/gcc/arm-none-eabi/5.4.1/../../../../arm-none-eabi/lib/armv7-m\libg.a(lib_a-__atexit.o)
                              c:/program files (x86)/gnu tools arm embedded/5.4 2016q2/bin/../lib/gcc/arm-none-eabi/5.4.1/../../../../arm-none-eabi/lib/armv7-m\libg.a(lib_a-atexit.o) (__register_exitproc)

Allocating common symbols
Common symbol       size              file

TIM_TimeBaseStructure
                    0xa               ..\obj\main.o
display_alarm       0x4               ..\obj\main.o
TIM_OCInitStructure
                    0x10              ..\obj\main.o
date                0x13              ..\obj\main.o
u                   0x4               ..\obj\main.o

Discarded input sections

 .text          0x00000000        0x0 c:/program files (x86)/gnu tools arm embedded/5.4 2016q2/bin/../lib/gcc/arm-none-eabi/5.4.1/armv7-m/crti.o
 .data          0x00000000        0x0 c:/program files (x86)/gnu tools arm embedded/5.4 2016q2/bin/../lib/gcc/arm-none-eabi/5.4.1/armv7-m/crti.o
 .bss           0x00000000        0x0 c:/program files (x86)/gnu tools arm embedded/5.4 2016q2/bin/../lib/gcc/arm-none-eabi/5.4.1/armv7-m/crti.o
 .data          0x00000000        0x4 c:/program files (x86)/gnu tools arm embedded/5.4 2016q2/bin/../lib/gcc/arm-none-eabi/5.4.1/armv7-m/crtbegin.o
 .text          0x00000000       0x74 c:/program files (x86)/gnu tools arm embedded/5.4 2016q2/bin/../lib/gcc/arm-none-eabi/5.4.1/../../../../arm-none-eabi/lib/armv7-m/crt0.o
 .data          0x00000000        0x0 c:/program files (x86)/gnu tools arm embedded/5.4 2016q2/bin/../lib/gcc/arm-none-eabi/5.4.1/../../../../arm-none-eabi/lib/armv7-m/crt0.o
 .bss           0x00000000        0x0 c:/program files (x86)/gnu tools arm embedded/5.4 2016q2/bin/../lib/gcc/arm-none-eabi/5.4.1/../../../../arm-none-eabi/lib/armv7-m/crt0.o
 .ARM.extab     0x00000000        0x0 c:/program files (x86)/gnu tools arm embedded/5.4 2016q2/bin/../lib/gcc/arm-none-eabi/5.4.1/../../../../arm-none-eabi/lib/armv7-m/crt0.o
 .ARM.exidx     0x00000000        0x8 c:/program files (x86)/gnu tools arm embedded/5.4 2016q2/bin/../lib/gcc/arm-none-eabi/5.4.1/../../../../arm-none-eabi/lib/armv7-m/crt0.o
 .ARM.attributes
                0x00000000       0x1b c:/program files (x86)/gnu tools arm embedded/5.4 2016q2/bin/../lib/gcc/arm-none-eabi/5.4.1/../../../../arm-none-eabi/lib/armv7-m/crt0.o
 .text          0x00000000      0x948 ..\obj\stm32f10x_fsmc.o
 .data          0x00000000        0x0 ..\obj\stm32f10x_fsmc.o
 .bss           0x00000000        0x0 ..\obj\stm32f10x_fsmc.o
 .debug_info    0x00000000      0x8fc ..\obj\stm32f10x_fsmc.o
 .debug_abbrev  0x00000000      0x172 ..\obj\stm32f10x_fsmc.o
 .debug_aranges
                0x00000000       0x20 ..\obj\stm32f10x_fsmc.o
 .debug_line    0x00000000      0x39d ..\obj\stm32f10x_fsmc.o
 .debug_str     0x00000000      0x79d ..\obj\stm32f10x_fsmc.o
 .comment       0x00000000       0x6f ..\obj\stm32f10x_fsmc.o
 .debug_frame   0x00000000      0x300 ..\obj\stm32f10x_fsmc.o
 .ARM.attributes
                0x00000000       0x33 ..\obj\stm32f10x_fsmc.o
 .data          0x00000000        0x0 ..\obj\stm32f10x_gpio.o
 .bss           0x00000000        0x0 ..\obj\stm32f10x_gpio.o
 .bss           0x00000000        0x0 ..\obj\stm32f10x_rcc.o
 .text          0x00000000      0x3f8 ..\obj\stm32f10x_dma.o
 .data          0x00000000        0x0 ..\obj\stm32f10x_dma.o
 .bss           0x00000000        0x0 ..\obj\stm32f10x_dma.o
 .debug_info    0x00000000      0x47b ..\obj\stm32f10x_dma.o
 .debug_abbrev  0x00000000      0x157 ..\obj\stm32f10x_dma.o
 .debug_aranges
                0x00000000       0x20 ..\obj\stm32f10x_dma.o
 .debug_line    0x00000000      0x2b4 ..\obj\stm32f10x_dma.o
 .debug_str     0x00000000      0x3da ..\obj\stm32f10x_dma.o
 .comment       0x00000000       0x6f ..\obj\stm32f10x_dma.o
 .debug_frame   0x00000000      0x1c8 ..\obj\stm32f10x_dma.o
 .ARM.attributes
                0x00000000       0x33 ..\obj\stm32f10x_dma.o
 .text          0x00000000      0x508 ..\obj\stm32f10x_sdio.o
 .data          0x00000000        0x0 ..\obj\stm32f10x_sdio.o
 .bss           0x00000000        0x0 ..\obj\stm32f10x_sdio.o
 .debug_info    0x00000000      0x7f5 ..\obj\stm32f10x_sdio.o
 .debug_abbrev  0x00000000      0x1b1 ..\obj\stm32f10x_sdio.o
 .debug_aranges
                0x00000000       0x20 ..\obj\stm32f10x_sdio.o
 .debug_line    0x00000000      0x2b9 ..\obj\stm32f10x_sdio.o
 .debug_str     0x00000000      0x653 ..\obj\stm32f10x_sdio.o
 .comment       0x00000000       0x6f ..\obj\stm32f10x_sdio.o
 .debug_frame   0x00000000      0x490 ..\obj\stm32f10x_sdio.o
 .ARM.attributes
                0x00000000       0x33 ..\obj\stm32f10x_sdio.o
 .data          0x00000000        0x0 ..\obj\misc.o
 .bss           0x00000000        0x0 ..\obj\misc.o
 .text          0x00000000       0x6c ..\obj\stm32f10x_dbgmcu.o
 .data          0x00000000        0x0 ..\obj\stm32f10x_dbgmcu.o
 .bss           0x00000000        0x0 ..\obj\stm32f10x_dbgmcu.o
 .debug_info    0x00000000      0x162 ..\obj\stm32f10x_dbgmcu.o
 .debug_abbrev  0x00000000       0xe0 ..\obj\stm32f10x_dbgmcu.o
 .debug_aranges
                0x00000000       0x20 ..\obj\stm32f10x_dbgmcu.o
 .debug_line    0x00000000      0x1ed ..\obj\stm32f10x_dbgmcu.o
 .debug_str     0x00000000      0x215 ..\obj\stm32f10x_dbgmcu.o
 .comment       0x00000000       0x6f ..\obj\stm32f10x_dbgmcu.o
 .debug_frame   0x00000000       0x78 ..\obj\stm32f10x_dbgmcu.o
 .ARM.attributes
                0x00000000       0x33 ..\obj\stm32f10x_dbgmcu.o
 .data          0x00000000        0x0 ..\obj\stm32f10x_i2c.o
 .bss           0x00000000        0x0 ..\obj\stm32f10x_i2c.o
 .text          0x00000000      0x1ac ..\obj\stm32f10x_pwr.o
 .data          0x00000000        0x0 ..\obj\stm32f10x_pwr.o
 .bss           0x00000000        0x0 ..\obj\stm32f10x_pwr.o
 .debug_info    0x00000000      0x4a0 ..\obj\stm32f10x_pwr.o
 .debug_abbrev  0x00000000      0x190 ..\obj\stm32f10x_pwr.o
 .debug_aranges
                0x00000000       0x20 ..\obj\stm32f10x_pwr.o
 .debug_line    0x00000000      0x242 ..\obj\stm32f10x_pwr.o
 .debug_str     0x00000000      0x345 ..\obj\stm32f10x_pwr.o
 .comment       0x00000000       0x6f ..\obj\stm32f10x_pwr.o
 .debug_frame   0x00000000      0x164 ..\obj\stm32f10x_pwr.o
 .ARM.attributes
                0x00000000       0x33 ..\obj\stm32f10x_pwr.o
 .text          0x00000000       0x14 ..\obj\startup_stm32f10x_md.o
 .data          0x00000000        0x0 ..\obj\startup_stm32f10x_md.o
 .bss           0x00000000        0x0 ..\obj\startup_stm32f10x_md.o
 .text          0x00000000      0x28c ..\obj\stm32f10x_cec.o
 .data          0x00000000        0x0 ..\obj\stm32f10x_cec.o
 .bss           0x00000000        0x0 ..\obj\stm32f10x_cec.o
 .debug_info    0x00000000      0x425 ..\obj\stm32f10x_cec.o
 .debug_abbrev  0x00000000      0x1b0 ..\obj\stm32f10x_cec.o
 .debug_aranges
                0x00000000       0x20 ..\obj\stm32f10x_cec.o
 .debug_line    0x00000000      0x256 ..\obj\stm32f10x_cec.o
 .debug_str     0x00000000      0x399 ..\obj\stm32f10x_cec.o
 .comment       0x00000000       0x6f ..\obj\stm32f10x_cec.o
 .debug_frame   0x00000000      0x224 ..\obj\stm32f10x_cec.o
 .ARM.attributes
                0x00000000       0x33 ..\obj\stm32f10x_cec.o
 .bss           0x00000000        0x0 ..\obj\system_stm32f10x.o
 .text          0x00000000      0xf98 ..\obj\stm32f10x_can.o
 .data          0x00000000        0x0 ..\obj\stm32f10x_can.o
 .bss           0x00000000        0x0 ..\obj\stm32f10x_can.o
 .debug_info    0x00000000      0xba4 ..\obj\stm32f10x_can.o
 .debug_abbrev  0x00000000      0x1f5 ..\obj\stm32f10x_can.o
 .debug_aranges
                0x00000000       0x20 ..\obj\stm32f10x_can.o
 .debug_line    0x00000000      0x42f ..\obj\stm32f10x_can.o
 .debug_str     0x00000000      0x751 ..\obj\stm32f10x_can.o
 .comment       0x00000000       0x6f ..\obj\stm32f10x_can.o
 .debug_frame   0x00000000      0x3f0 ..\obj\stm32f10x_can.o
 .ARM.attributes
                0x00000000       0x33 ..\obj\stm32f10x_can.o
 .text          0x00000000      0x1c0 ..\obj\stm32f10x_bkp.o
 .data          0x00000000        0x0 ..\obj\stm32f10x_bkp.o
 .bss           0x00000000        0x0 ..\obj\stm32f10x_bkp.o
 .debug_info    0x00000000      0x7a6 ..\obj\stm32f10x_bkp.o
 .debug_abbrev  0x00000000      0x174 ..\obj\stm32f10x_bkp.o
 .debug_aranges
                0x00000000       0x20 ..\obj\stm32f10x_bkp.o
 .debug_line    0x00000000      0x21d ..\obj\stm32f10x_bkp.o
 .debug_str     0x00000000      0x5d8 ..\obj\stm32f10x_bkp.o
 .comment       0x00000000       0x6f ..\obj\stm32f10x_bkp.o
 .debug_frame   0x00000000      0x1c4 ..\obj\stm32f10x_bkp.o
 .ARM.attributes
                0x00000000       0x33 ..\obj\stm32f10x_bkp.o
 .text          0x00000000      0x954 ..\obj\stm32f10x_flash.o
 .data          0x00000000        0x0 ..\obj\stm32f10x_flash.o
 .bss           0x00000000        0x0 ..\obj\stm32f10x_flash.o
 .debug_info    0x00000000      0x7bf ..\obj\stm32f10x_flash.o
 .debug_abbrev  0x00000000      0x166 ..\obj\stm32f10x_flash.o
 .debug_aranges
                0x00000000       0x20 ..\obj\stm32f10x_flash.o
 .debug_line    0x00000000      0x36a ..\obj\stm32f10x_flash.o
 .debug_str     0x00000000      0x60b ..\obj\stm32f10x_flash.o
 .comment       0x00000000       0x6f ..\obj\stm32f10x_flash.o
 .debug_frame   0x00000000      0x410 ..\obj\stm32f10x_flash.o
 .ARM.attributes
                0x00000000       0x33 ..\obj\stm32f10x_flash.o
 .text          0x00000000      0x6e8 ..\obj\stm32f10x_spi.o
 .data          0x00000000        0x0 ..\obj\stm32f10x_spi.o
 .bss           0x00000000        0x0 ..\obj\stm32f10x_spi.o
 .debug_info    0x00000000      0x8fb ..\obj\stm32f10x_spi.o
 .debug_abbrev  0x00000000      0x180 ..\obj\stm32f10x_spi.o
 .debug_aranges
                0x00000000       0x20 ..\obj\stm32f10x_spi.o
 .debug_line    0x00000000      0x303 ..\obj\stm32f10x_spi.o
 .debug_str     0x00000000      0x620 ..\obj\stm32f10x_spi.o
 .comment       0x00000000       0x6f ..\obj\stm32f10x_spi.o
 .debug_frame   0x00000000      0x3a0 ..\obj\stm32f10x_spi.o
 .ARM.attributes
                0x00000000       0x33 ..\obj\stm32f10x_spi.o
 .text          0x00000000       0xc4 ..\obj\stm32f10x_iwdg.o
 .data          0x00000000        0x0 ..\obj\stm32f10x_iwdg.o
 .bss           0x00000000        0x0 ..\obj\stm32f10x_iwdg.o
 .debug_info    0x00000000      0x20e ..\obj\stm32f10x_iwdg.o
 .debug_abbrev  0x00000000      0x103 ..\obj\stm32f10x_iwdg.o
 .debug_aranges
                0x00000000       0x20 ..\obj\stm32f10x_iwdg.o
 .debug_line    0x00000000      0x1fb ..\obj\stm32f10x_iwdg.o
 .debug_str     0x00000000      0x27f ..\obj\stm32f10x_iwdg.o
 .comment       0x00000000       0x6f ..\obj\stm32f10x_iwdg.o
 .debug_frame   0x00000000       0xf0 ..\obj\stm32f10x_iwdg.o
 .ARM.attributes
                0x00000000       0x33 ..\obj\stm32f10x_iwdg.o
 .text          0x00000000      0x118 ..\obj\stm32f10x_wwdg.o
 .data          0x00000000        0x0 ..\obj\stm32f10x_wwdg.o
 .bss           0x00000000        0x0 ..\obj\stm32f10x_wwdg.o
 .debug_info    0x00000000      0x236 ..\obj\stm32f10x_wwdg.o
 .debug_abbrev  0x00000000      0x119 ..\obj\stm32f10x_wwdg.o
 .debug_aranges
                0x00000000       0x20 ..\obj\stm32f10x_wwdg.o
 .debug_line    0x00000000      0x204 ..\obj\stm32f10x_wwdg.o
 .debug_str     0x00000000      0x280 ..\obj\stm32f10x_wwdg.o
 .comment       0x00000000       0x6f ..\obj\stm32f10x_wwdg.o
 .debug_frame   0x00000000      0x12c ..\obj\stm32f10x_wwdg.o
 .ARM.attributes
                0x00000000       0x33 ..\obj\stm32f10x_wwdg.o
 .data          0x00000000        0x0 ..\obj\stm32f10x_tim.o
 .bss           0x00000000        0x0 ..\obj\stm32f10x_tim.o
 .text          0x00000000      0x2b4 ..\obj\stm32f10x_rtc.o
 .data          0x00000000        0x0 ..\obj\stm32f10x_rtc.o
 .bss           0x00000000        0x0 ..\obj\stm32f10x_rtc.o
 .debug_info    0x00000000      0x43f ..\obj\stm32f10x_rtc.o
 .debug_abbrev  0x00000000      0x180 ..\obj\stm32f10x_rtc.o
 .debug_aranges
                0x00000000       0x20 ..\obj\stm32f10x_rtc.o
 .debug_line    0x00000000      0x242 ..\obj\stm32f10x_rtc.o
 .debug_str     0x00000000      0x3c5 ..\obj\stm32f10x_rtc.o
 .comment       0x00000000       0x6f ..\obj\stm32f10x_rtc.o
 .debug_frame   0x00000000      0x214 ..\obj\stm32f10x_rtc.o
 .ARM.attributes
                0x00000000       0x33 ..\obj\stm32f10x_rtc.o
 .data          0x00000000        0x0 ..\obj\stm32f10x_usart.o
 .bss           0x00000000        0x0 ..\obj\stm32f10x_usart.o
 .text          0x00000000       0xc8 ..\obj\stm32f10x_crc.o
 .data          0x00000000        0x0 ..\obj\stm32f10x_crc.o
 .bss           0x00000000        0x0 ..\obj\stm32f10x_crc.o
 .debug_info    0x00000000      0x208 ..\obj\stm32f10x_crc.o
 .debug_abbrev  0x00000000      0x114 ..\obj\stm32f10x_crc.o
 .debug_aranges
                0x00000000       0x20 ..\obj\stm32f10x_crc.o
 .debug_line    0x00000000      0x204 ..\obj\stm32f10x_crc.o
 .debug_str     0x00000000      0x25e ..\obj\stm32f10x_crc.o
 .comment       0x00000000       0x6f ..\obj\stm32f10x_crc.o
 .debug_frame   0x00000000       0xe8 ..\obj\stm32f10x_crc.o
 .ARM.attributes
                0x00000000       0x33 ..\obj\stm32f10x_crc.o
 .data          0x00000000        0x0 ..\obj\stm32f10x_adc.o
 .bss           0x00000000        0x0 ..\obj\stm32f10x_adc.o
 .text          0x00000000      0x21c ..\obj\stm32f10x_exti.o
 .data          0x00000000        0x0 ..\obj\stm32f10x_exti.o
 .bss           0x00000000        0x0 ..\obj\stm32f10x_exti.o
 .debug_info    0x00000000      0x353 ..\obj\stm32f10x_exti.o
 .debug_abbrev  0x00000000      0x17e ..\obj\stm32f10x_exti.o
 .debug_aranges
                0x00000000       0x20 ..\obj\stm32f10x_exti.o
 .debug_line    0x00000000      0x247 ..\obj\stm32f10x_exti.o
 .debug_str     0x00000000      0x36c ..\obj\stm32f10x_exti.o
 .comment       0x00000000       0x6f ..\obj\stm32f10x_exti.o
 .debug_frame   0x00000000      0x148 ..\obj\stm32f10x_exti.o
 .ARM.attributes
                0x00000000       0x33 ..\obj\stm32f10x_exti.o
 .text          0x00000000      0x300 ..\obj\stm32f10x_dac.o
 .data          0x00000000        0x0 ..\obj\stm32f10x_dac.o
 .bss           0x00000000        0x0 ..\obj\stm32f10x_dac.o
 .debug_info    0x00000000      0x4b4 ..\obj\stm32f10x_dac.o
 .debug_abbrev  0x00000000      0x175 ..\obj\stm32f10x_dac.o
 .debug_aranges
                0x00000000       0x20 ..\obj\stm32f10x_dac.o
 .debug_line    0x00000000      0x254 ..\obj\stm32f10x_dac.o
 .debug_str     0x00000000      0x3d2 ..\obj\stm32f10x_dac.o
 .comment       0x00000000       0x6f ..\obj\stm32f10x_dac.o
 .debug_frame   0x00000000      0x1e4 ..\obj\stm32f10x_dac.o
 .ARM.attributes
                0x00000000       0x33 ..\obj\stm32f10x_dac.o
 .data          0x00000000        0x0 ..\obj\main.o
 .text          0x00000000        0x0 c:/program files (x86)/gnu tools arm embedded/5.4 2016q2/bin/../lib/gcc/arm-none-eabi/5.4.1/../../../../arm-none-eabi/lib/armv7-m\libg.a(lib_a-exit.o)
 .data          0x00000000        0x0 c:/program files (x86)/gnu tools arm embedded/5.4 2016q2/bin/../lib/gcc/arm-none-eabi/5.4.1/../../../../arm-none-eabi/lib/armv7-m\libg.a(lib_a-exit.o)
 .bss           0x00000000        0x0 c:/program files (x86)/gnu tools arm embedded/5.4 2016q2/bin/../lib/gcc/arm-none-eabi/5.4.1/../../../../arm-none-eabi/lib/armv7-m\libg.a(lib_a-exit.o)
 .text.exit     0x00000000       0x20 c:/program files (x86)/gnu tools arm embedded/5.4 2016q2/bin/../lib/gcc/arm-none-eabi/5.4.1/../../../../arm-none-eabi/lib/armv7-m\libg.a(lib_a-exit.o)
 .debug_frame   0x00000000       0x28 c:/program files (x86)/gnu tools arm embedded/5.4 2016q2/bin/../lib/gcc/arm-none-eabi/5.4.1/../../../../arm-none-eabi/lib/armv7-m\libg.a(lib_a-exit.o)
 .ARM.attributes
                0x00000000       0x2d c:/program files (x86)/gnu tools arm embedded/5.4 2016q2/bin/../lib/gcc/arm-none-eabi/5.4.1/../../../../arm-none-eabi/lib/armv7-m\libg.a(lib_a-exit.o)
 .text          0x00000000        0x0 c:/program files (x86)/gnu tools arm embedded/5.4 2016q2/bin/../lib/gcc/arm-none-eabi/5.4.1/../../../../arm-none-eabi/lib/armv7-m\libg.a(lib_a-impure.o)
 .data          0x00000000        0x0 c:/program files (x86)/gnu tools arm embedded/5.4 2016q2/bin/../lib/gcc/arm-none-eabi/5.4.1/../../../../arm-none-eabi/lib/armv7-m\libg.a(lib_a-impure.o)
 .bss           0x00000000        0x0 c:/program files (x86)/gnu tools arm embedded/5.4 2016q2/bin/../lib/gcc/arm-none-eabi/5.4.1/../../../../arm-none-eabi/lib/armv7-m\libg.a(lib_a-impure.o)
 .data._impure_ptr
                0x00000000        0x4 c:/program files (x86)/gnu tools arm embedded/5.4 2016q2/bin/../lib/gcc/arm-none-eabi/5.4.1/../../../../arm-none-eabi/lib/armv7-m\libg.a(lib_a-impure.o)
 .text          0x00000000        0x0 c:/program files (x86)/gnu tools arm embedded/5.4 2016q2/bin/../lib/gcc/arm-none-eabi/5.4.1/../../../../arm-none-eabi/lib/armv7-m\libg.a(lib_a-init.o)
 .data          0x00000000        0x0 c:/program files (x86)/gnu tools arm embedded/5.4 2016q2/bin/../lib/gcc/arm-none-eabi/5.4.1/../../../../arm-none-eabi/lib/armv7-m\libg.a(lib_a-init.o)
 .bss           0x00000000        0x0 c:/program files (x86)/gnu tools arm embedded/5.4 2016q2/bin/../lib/gcc/arm-none-eabi/5.4.1/../../../../arm-none-eabi/lib/armv7-m\libg.a(lib_a-init.o)
 .text.__libc_init_array
                0x00000000       0x50 c:/program files (x86)/gnu tools arm embedded/5.4 2016q2/bin/../lib/gcc/arm-none-eabi/5.4.1/../../../../arm-none-eabi/lib/armv7-m\libg.a(lib_a-init.o)
 .debug_frame   0x00000000       0x2c c:/program files (x86)/gnu tools arm embedded/5.4 2016q2/bin/../lib/gcc/arm-none-eabi/5.4.1/../../../../arm-none-eabi/lib/armv7-m\libg.a(lib_a-init.o)
 .ARM.attributes
                0x00000000       0x2d c:/program files (x86)/gnu tools arm embedded/5.4 2016q2/bin/../lib/gcc/arm-none-eabi/5.4.1/../../../../arm-none-eabi/lib/armv7-m\libg.a(lib_a-init.o)
 .data          0x00000000        0x0 c:/program files (x86)/gnu tools arm embedded/5.4 2016q2/bin/../lib/gcc/arm-none-eabi/5.4.1/../../../../arm-none-eabi/lib/armv7-m\libg.a(lib_a-memcpy.o)
 .bss           0x00000000        0x0 c:/program files (x86)/gnu tools arm embedded/5.4 2016q2/bin/../lib/gcc/arm-none-eabi/5.4.1/../../../../arm-none-eabi/lib/armv7-m\libg.a(lib_a-memcpy.o)
 .text          0x00000000        0x0 c:/program files (x86)/gnu tools arm embedded/5.4 2016q2/bin/../lib/gcc/arm-none-eabi/5.4.1/../../../../arm-none-eabi/lib/armv7-m\libg.a(lib_a-memset.o)
 .data          0x00000000        0x0 c:/program files (x86)/gnu tools arm embedded/5.4 2016q2/bin/../lib/gcc/arm-none-eabi/5.4.1/../../../../arm-none-eabi/lib/armv7-m\libg.a(lib_a-memset.o)
 .bss           0x00000000        0x0 c:/program files (x86)/gnu tools arm embedded/5.4 2016q2/bin/../lib/gcc/arm-none-eabi/5.4.1/../../../../arm-none-eabi/lib/armv7-m\libg.a(lib_a-memset.o)
 .text.memset   0x00000000       0x9c c:/program files (x86)/gnu tools arm embedded/5.4 2016q2/bin/../lib/gcc/arm-none-eabi/5.4.1/../../../../arm-none-eabi/lib/armv7-m\libg.a(lib_a-memset.o)
 .debug_frame   0x00000000       0x34 c:/program files (x86)/gnu tools arm embedded/5.4 2016q2/bin/../lib/gcc/arm-none-eabi/5.4.1/../../../../arm-none-eabi/lib/armv7-m\libg.a(lib_a-memset.o)
 .ARM.attributes
                0x00000000       0x2d c:/program files (x86)/gnu tools arm embedded/5.4 2016q2/bin/../lib/gcc/arm-none-eabi/5.4.1/../../../../arm-none-eabi/lib/armv7-m\libg.a(lib_a-memset.o)
 .text          0x00000000        0x0 c:/program files (x86)/gnu tools arm embedded/5.4 2016q2/bin/../lib/gcc/arm-none-eabi/5.4.1/../../../../arm-none-eabi/lib/armv7-m\libg.a(lib_a-__call_atexit.o)
 .data          0x00000000        0x0 c:/program files (x86)/gnu tools arm embedded/5.4 2016q2/bin/../lib/gcc/arm-none-eabi/5.4.1/../../../../arm-none-eabi/lib/armv7-m\libg.a(lib_a-__call_atexit.o)
 .bss           0x00000000        0x0 c:/program files (x86)/gnu tools arm embedded/5.4 2016q2/bin/../lib/gcc/arm-none-eabi/5.4.1/../../../../arm-none-eabi/lib/armv7-m\libg.a(lib_a-__call_atexit.o)
 .text.__call_exitprocs
                0x00000000       0xd8 c:/program files (x86)/gnu tools arm embedded/5.4 2016q2/bin/../lib/gcc/arm-none-eabi/5.4.1/../../../../arm-none-eabi/lib/armv7-m\libg.a(lib_a-__call_atexit.o)
 .text          0x00000000        0x0 c:/program files (x86)/gnu tools arm embedded/5.4 2016q2/bin/../lib/gcc/arm-none-eabi/5.4.1/../../../../arm-none-eabi/lib/armv7-m\libg.a(lib_a-atexit.o)
 .data          0x00000000        0x0 c:/program files (x86)/gnu tools arm embedded/5.4 2016q2/bin/../lib/gcc/arm-none-eabi/5.4.1/../../../../arm-none-eabi/lib/armv7-m\libg.a(lib_a-atexit.o)
 .bss           0x00000000        0x0 c:/program files (x86)/gnu tools arm embedded/5.4 2016q2/bin/../lib/gcc/arm-none-eabi/5.4.1/../../../../arm-none-eabi/lib/armv7-m\libg.a(lib_a-atexit.o)
 .text          0x00000000        0x0 c:/program files (x86)/gnu tools arm embedded/5.4 2016q2/bin/../lib/gcc/arm-none-eabi/5.4.1/../../../../arm-none-eabi/lib/armv7-m\libg.a(lib_a-fini.o)
 .data          0x00000000        0x0 c:/program files (x86)/gnu tools arm embedded/5.4 2016q2/bin/../lib/gcc/arm-none-eabi/5.4.1/../../../../arm-none-eabi/lib/armv7-m\libg.a(lib_a-fini.o)
 .bss           0x00000000        0x0 c:/program files (x86)/gnu tools arm embedded/5.4 2016q2/bin/../lib/gcc/arm-none-eabi/5.4.1/../../../../arm-none-eabi/lib/armv7-m\libg.a(lib_a-fini.o)
 .text          0x00000000        0x0 c:/program files (x86)/gnu tools arm embedded/5.4 2016q2/bin/../lib/gcc/arm-none-eabi/5.4.1/../../../../arm-none-eabi/lib/armv7-m\libg.a(lib_a-__atexit.o)
 .data          0x00000000        0x0 c:/program files (x86)/gnu tools arm embedded/5.4 2016q2/bin/../lib/gcc/arm-none-eabi/5.4.1/../../../../arm-none-eabi/lib/armv7-m\libg.a(lib_a-__atexit.o)
 .bss           0x00000000        0x0 c:/program files (x86)/gnu tools arm embedded/5.4 2016q2/bin/../lib/gcc/arm-none-eabi/5.4.1/../../../../arm-none-eabi/lib/armv7-m\libg.a(lib_a-__atexit.o)
 .text          0x00000000        0x0 c:/program files (x86)/gnu tools arm embedded/5.4 2016q2/bin/../lib/gcc/arm-none-eabi/5.4.1/armv7-m/crtend.o
 .data          0x00000000        0x0 c:/program files (x86)/gnu tools arm embedded/5.4 2016q2/bin/../lib/gcc/arm-none-eabi/5.4.1/armv7-m/crtend.o
 .bss           0x00000000        0x0 c:/program files (x86)/gnu tools arm embedded/5.4 2016q2/bin/../lib/gcc/arm-none-eabi/5.4.1/armv7-m/crtend.o
 .eh_frame      0x00000000        0x4 c:/program files (x86)/gnu tools arm embedded/5.4 2016q2/bin/../lib/gcc/arm-none-eabi/5.4.1/armv7-m/crtend.o
 .text          0x00000000        0x0 c:/program files (x86)/gnu tools arm embedded/5.4 2016q2/bin/../lib/gcc/arm-none-eabi/5.4.1/armv7-m/crtn.o
 .data          0x00000000        0x0 c:/program files (x86)/gnu tools arm embedded/5.4 2016q2/bin/../lib/gcc/arm-none-eabi/5.4.1/armv7-m/crtn.o
 .bss           0x00000000        0x0 c:/program files (x86)/gnu tools arm embedded/5.4 2016q2/bin/../lib/gcc/arm-none-eabi/5.4.1/armv7-m/crtn.o

Memory Configuration

Name             Origin             Length             Attributes
rom              0x08000000         0x00010000         xr
ram              0x20000000         0x00005000         xrw
*default*        0x00000000         0xffffffff

Linker script and memory map

LOAD c:/program files (x86)/gnu tools arm embedded/5.4 2016q2/bin/../lib/gcc/arm-none-eabi/5.4.1/armv7-m/crti.o
LOAD c:/program files (x86)/gnu tools arm embedded/5.4 2016q2/bin/../lib/gcc/arm-none-eabi/5.4.1/armv7-m/crtbegin.o
LOAD c:/program files (x86)/gnu tools arm embedded/5.4 2016q2/bin/../lib/gcc/arm-none-eabi/5.4.1/../../../../arm-none-eabi/lib/armv7-m/crt0.o
                0x20005000                _eram = 0x20005000

.text           0x08000000     0x6514
 *(.isr_vector)
 .isr_vector    0x08000000      0x10c ..\obj\startup_stm32f10x_md.o
                0x08000000                g_pfnVectors
 *(.text*)
 .text          0x0800010c       0x5c c:/program files (x86)/gnu tools arm embedded/5.4 2016q2/bin/../lib/gcc/arm-none-eabi/5.4.1/armv7-m/crtbegin.o
 .text          0x08000168      0x5e8 ..\obj\stm32f10x_gpio.o
                0x08000168                GPIO_DeInit
                0x0800024c                GPIO_AFIODeInit
                0x08000264                GPIO_Init
                0x080003dc                GPIO_StructInit
                0x08000404                GPIO_ReadInputDataBit
                0x08000438                GPIO_ReadInputData
                0x08000450                GPIO_ReadOutputDataBit
                0x08000484                GPIO_ReadOutputData
                0x0800049c                GPIO_SetBits
                0x080004b8                GPIO_ResetBits
                0x080004d4                GPIO_WriteBit
                0x08000504                GPIO_Write
                0x08000520                GPIO_PinLockConfig
                0x08000564                GPIO_EventOutputConfig
                0x080005b0                GPIO_EventOutputCmd
                0x080005d0                GPIO_PinRemapConfig
                0x080006b0                GPIO_EXTILineConfig
                0x08000734                GPIO_ETH_MediaInterfaceConfig
 .text          0x08000750      0x7d0 ..\obj\stm32f10x_rcc.o
                0x08000750                RCC_DeInit
                0x080007ac                RCC_HSEConfig
                0x08000808                RCC_WaitForHSEStartUp
                0x08000858                RCC_AdjustHSICalibrationValue
                0x08000894                RCC_HSICmd
                0x080008b4                RCC_PLLConfig
                0x080008f0                RCC_PLLCmd
                0x08000910                RCC_SYSCLKConfig
                0x08000948                RCC_GetSYSCLKSource
                0x08000964                RCC_HCLKConfig
                0x0800099c                RCC_PCLK1Config
                0x080009d4                RCC_PCLK2Config
                0x08000a0c                RCC_ITConfig
                0x08000a58                RCC_USBCLKConfig
                0x08000a74                RCC_ADCCLKConfig
                0x08000aac                RCC_LSEConfig
                0x08000aec                RCC_LSICmd
                0x08000b0c                RCC_RTCCLKConfig
                0x08000b30                RCC_RTCCLKCmd
                0x08000b50                RCC_GetClocksFreq
                0x08000cb0                RCC_AHBPeriphClockCmd
                0x08000cec                RCC_APB2PeriphClockCmd
                0x08000d28                RCC_APB1PeriphClockCmd
                0x08000d64                RCC_APB2PeriphResetCmd
                0x08000da0                RCC_APB1PeriphResetCmd
                0x08000ddc                RCC_BackupResetCmd
                0x08000dfc                RCC_ClockSecuritySystemCmd
                0x08000e1c                RCC_MCOConfig
                0x08000e3c                RCC_GetFlagStatus
                0x08000eb0                RCC_ClearFlag
                0x08000ecc                RCC_GetITStatus
                0x08000f00                RCC_ClearITPendingBit
 .text          0x08000f20      0x18c ..\obj\misc.o
                0x08000f20                NVIC_PriorityGroupConfig
                0x08000f44                NVIC_Init
                0x08001008                NVIC_SetVectorTable
                0x08001034                NVIC_SystemLPConfig
                0x08001074                SysTick_CLKSourceConfig
 .text          0x080010ac      0x954 ..\obj\stm32f10x_i2c.o
                0x080010ac                I2C_DeInit
                0x080010f4                I2C_Init
                0x08001278                I2C_StructInit
                0x080012b4                I2C_Cmd
                0x080012f4                I2C_DMACmd
                0x08001334                I2C_DMALastTransferCmd
                0x08001374                I2C_GenerateSTART
                0x080013b4                I2C_GenerateSTOP
                0x080013f4                I2C_AcknowledgeConfig
                0x08001434                I2C_OwnAddress2Config
                0x08001478                I2C_DualAddressCmd
                0x080014b8                I2C_GeneralCallCmd
                0x080014f8                I2C_ITConfig
                0x08001540                I2C_SendData
                0x08001560                I2C_ReceiveData
                0x0800157c                I2C_Send7bitAddress
                0x080015b8                I2C_ReadRegister
                0x080015e4                I2C_SoftwareResetCmd
                0x08001628                I2C_NACKPositionConfig
                0x08001668                I2C_SMBusAlertConfig
                0x080016a8                I2C_TransmitPEC
                0x080016e8                I2C_PECPositionConfig
                0x08001728                I2C_CalculatePEC
                0x08001768                I2C_GetPEC
                0x08001788                I2C_ARPCmd
                0x080017c8                I2C_StretchClockCmd
                0x08001808                I2C_FastModeDutyCycleConfig
                0x08001848                I2C_CheckEvent
                0x080018a8                I2C_GetLastEvent
                0x080018ec                I2C_GetFlagStatus
                0x08001950                I2C_ClearFlag
                0x0800197c                I2C_GetITStatus
                0x080019d4                I2C_ClearITPendingBit
 .text.Reset_Handler
                0x08001a00       0x44 ..\obj\startup_stm32f10x_md.o
                0x08001a00                Reset_Handler
 .text.Default_Handler
                0x08001a44        0x2 ..\obj\startup_stm32f10x_md.o
                0x08001a44                EXTI2_IRQHandler
                0x08001a44                DebugMon_Handler
                0x08001a44                TIM1_CC_IRQHandler
                0x08001a44                HardFault_Handler
                0x08001a44                SysTick_Handler
                0x08001a44                PVD_IRQHandler
                0x08001a44                PendSV_Handler
                0x08001a44                NMI_Handler
                0x08001a44                EXTI3_IRQHandler
                0x08001a44                EXTI0_IRQHandler
                0x08001a44                I2C2_EV_IRQHandler
                0x08001a44                UsageFault_Handler
                0x08001a44                ADC1_2_IRQHandler
                0x08001a44                SPI1_IRQHandler
                0x08001a44                TAMPER_IRQHandler
                0x08001a44                DMA1_Channel4_IRQHandler
                0x08001a44                USART3_IRQHandler
                0x08001a44                RTC_IRQHandler
                0x08001a44                DMA1_Channel7_IRQHandler
                0x08001a44                CAN1_RX1_IRQHandler
                0x08001a44                I2C1_EV_IRQHandler
                0x08001a44                DMA1_Channel6_IRQHandler
                0x08001a44                TIM3_IRQHandler
                0x08001a44                RCC_IRQHandler
                0x08001a44                TIM1_TRG_COM_IRQHandler
                0x08001a44                DMA1_Channel1_IRQHandler
                0x08001a44                Default_Handler
                0x08001a44                EXTI15_10_IRQHandler
                0x08001a44                EXTI9_5_IRQHandler
                0x08001a44                SPI2_IRQHandler
                0x08001a44                MemManage_Handler
                0x08001a44                SVC_Handler
                0x08001a44                DMA1_Channel5_IRQHandler
                0x08001a44                EXTI4_IRQHandler
                0x08001a44                USB_LP_CAN1_RX0_IRQHandler
                0x08001a44                USB_HP_CAN1_TX_IRQHandler
                0x08001a44                DMA1_Channel3_IRQHandler
                0x08001a44                TIM1_UP_IRQHandler
                0x08001a44                WWDG_IRQHandler
                0x08001a44                TIM2_IRQHandler
                0x08001a44                TIM1_BRK_IRQHandler
                0x08001a44                EXTI1_IRQHandler
                0x08001a44                RTCAlarm_IRQHandler
                0x08001a44                USART2_IRQHandler
                0x08001a44                I2C2_ER_IRQHandler
                0x08001a44                DMA1_Channel2_IRQHandler
                0x08001a44                CAN1_SCE_IRQHandler
                0x08001a44                FLASH_IRQHandler
                0x08001a44                BusFault_Handler
                0x08001a44                I2C1_ER_IRQHandler
                0x08001a44                USBWakeUp_IRQHandler
 *fill*         0x08001a46        0x2 
 .text          0x08001a48      0x24c ..\obj\system_stm32f10x.o
                0x08001a48                SystemInit
                0x08001ab0                SystemCoreClockUpdate
 .text          0x08001c94     0x1e0c ..\obj\stm32f10x_tim.o
                0x08001c94                TIM_DeInit
                0x08001ec0                TIM_TimeBaseInit
                0x08001fb8                TIM_OC1Init
                0x080020d0                TIM_OC2Init
                0x080021e0                TIM_OC3Init
                0x080022ec                TIM_OC4Init
                0x080023bc                TIM_ICInit
                0x08002464                TIM_PWMIConfig
                0x0800251c                TIM_BDTRConfig
                0x0800256c                TIM_TimeBaseStructInit
                0x080025a0                TIM_OCStructInit
                0x080025e4                TIM_ICStructInit
                0x08002614                TIM_BDTRStructInit
                0x08002650                TIM_Cmd
                0x08002690                TIM_CtrlPWMOutputs
                0x080026dc                TIM_ITConfig
                0x08002724                TIM_GenerateEvent
                0x08002740                TIM_DMAConfig
                0x08002768                TIM_DMACmd
                0x080027b0                TIM_InternalClockConfig
                0x080027d4                TIM_ITRxExternalClockConfig
                0x08002804                TIM_TIxExternalClockConfig
                0x08002860                TIM_ETRClockMode1Config
                0x080028c0                TIM_ETRClockMode2Config
                0x08002900                TIM_ETRConfig
                0x08002954                TIM_PrescalerConfig
                0x0800297c                TIM_CounterModeConfig
                0x080029b4                TIM_SelectInputTrigger
                0x080029ec                TIM_EncoderInterfaceConfig
                0x08002a84                TIM_ForcedOC1Config
                0x08002abc                TIM_ForcedOC2Config
                0x08002af8                TIM_ForcedOC3Config
                0x08002b30                TIM_ForcedOC4Config
                0x08002b6c                TIM_ARRPreloadConfig
                0x08002bac                TIM_SelectCOM
                0x08002bec                TIM_SelectCCDMA
                0x08002c2c                TIM_CCPreloadControl
                0x08002c6c                TIM_OC1PreloadConfig
                0x08002ca4                TIM_OC2PreloadConfig
                0x08002ce0                TIM_OC3PreloadConfig
                0x08002d18                TIM_OC4PreloadConfig
                0x08002d54                TIM_OC1FastConfig
                0x08002d8c                TIM_OC2FastConfig
                0x08002dc8                TIM_OC3FastConfig
                0x08002e00                TIM_OC4FastConfig
                0x08002e3c                TIM_ClearOC1Ref
                0x08002e74                TIM_ClearOC2Ref
                0x08002eb0                TIM_ClearOC3Ref
                0x08002ee8                TIM_ClearOC4Ref
                0x08002f24                TIM_OC1PolarityConfig
                0x08002f5c                TIM_OC1NPolarityConfig
                0x08002f94                TIM_OC2PolarityConfig
                0x08002fd0                TIM_OC2NPolarityConfig
                0x0800300c                TIM_OC3PolarityConfig
                0x08003048                TIM_OC3NPolarityConfig
                0x08003084                TIM_OC4PolarityConfig
                0x080030c0                TIM_CCxCmd
                0x08003118                TIM_CCxNCmd
                0x08003170                TIM_SelectOCxM
                0x0800321c                TIM_UpdateDisableConfig
                0x0800325c                TIM_UpdateRequestConfig
                0x0800329c                TIM_SelectHallSensor
                0x080032dc                TIM_SelectOnePulseMode
                0x08003314                TIM_SelectOutputTrigger
                0x0800334c                TIM_SelectSlaveMode
                0x08003384                TIM_SelectMasterSlaveMode
                0x080033bc                TIM_SetCounter
                0x080033d8                TIM_SetAutoreload
                0x080033f4                TIM_SetCompare1
                0x08003410                TIM_SetCompare2
                0x0800342c                TIM_SetCompare3
                0x08003448                TIM_SetCompare4
                0x08003468                TIM_SetIC1Prescaler
                0x080034a0                TIM_SetIC2Prescaler
                0x080034dc                TIM_SetIC3Prescaler
                0x08003514                TIM_SetIC4Prescaler
                0x08003550                TIM_SetClockDivision
                0x08003588                TIM_GetCapture1
                0x080035a0                TIM_GetCapture2
                0x080035b8                TIM_GetCapture3
                0x080035d0                TIM_GetCapture4
                0x080035ec                TIM_GetCounter
                0x08003604                TIM_GetPrescaler
                0x0800361c                TIM_GetFlagStatus
                0x08003654                TIM_ClearFlag
                0x08003674                TIM_GetITStatus
                0x080036c8                TIM_ClearITPendingBit
 .text          0x08003aa0      0x904 ..\obj\stm32f10x_usart.o
                0x08003aa0                USART_DeInit
                0x08003b58                USART_Init
                0x08003ccc                USART_StructInit
                0x08003d04                USART_ClockInit
                0x08003d5c                USART_ClockStructInit
                0x08003d88                USART_Cmd
                0x08003dc8                USART_ITConfig
                0x08003e58                USART_DMACmd
                0x08003ea0                USART_SetAddress
                0x08003ed8                USART_WakeUpConfig
                0x08003f10                USART_ReceiverWakeUpCmd
                0x08003f50                USART_LINBreakDetectLengthConfig
                0x08003f88                USART_LINCmd
                0x08003fc8                USART_SendData
                0x08003fec                USART_ReceiveData
                0x0800400c                USART_SendBreak
                0x08004030                USART_SetGuardTime
                0x0800406c                USART_SetPrescaler
                0x080040a4                USART_SmartCardCmd
                0x080040e4                USART_SmartCardNACKCmd
                0x08004124                USART_HalfDuplexCmd
                0x08004164                USART_OverSampling8Cmd
                0x080041a8                USART_OneBitMethodCmd
                0x080041e8                USART_IrDAConfig
                0x08004220                USART_IrDACmd
                0x08004260                USART_GetFlagStatus
                0x08004298                USART_ClearFlag
                0x080042b8                USART_GetITStatus
                0x0800436c                USART_ClearITPendingBit
 .text          0x080043a4      0xa30 ..\obj\stm32f10x_adc.o
                0x080043a4                ADC_DeInit
                0x08004418                ADC_Init
                0x080044bc                ADC_StructInit
                0x080044f4                ADC_Cmd
                0x0800452c                ADC_DMACmd
                0x08004564                ADC_ITConfig
                0x080045a8                ADC_ResetCalibration
                0x080045c8                ADC_GetResetCalibrationStatus
                0x080045f8                ADC_StartCalibration
                0x08004618                ADC_GetCalibrationStatus
                0x08004648                ADC_SoftwareStartConvCmd
                0x08004680                ADC_GetSoftwareStartConvStatus
                0x080046b0                ADC_DiscModeChannelCountConfig
                0x080046f4                ADC_DiscModeCmd
                0x0800472c                ADC_RegularChannelConfig
                0x080048c0                ADC_ExternalTrigConvCmd
                0x080048f8                ADC_GetConversionValue
                0x08004910                ADC_GetDualModeConversionValue
                0x08004924                ADC_AutoInjectedConvCmd
                0x0800495c                ADC_InjectedDiscModeCmd
                0x08004994                ADC_ExternalTrigInjectedConvConfig
                0x080049c8                ADC_ExternalTrigInjectedConvCmd
                0x08004a00                ADC_SoftwareStartInjectedConvCmd
                0x08004a38                ADC_GetSoftwareStartInjectedConvCmdStatus
                0x08004a68                ADC_InjectedChannelConfig
                0x08004b88                ADC_InjectedSequencerLengthConfig
                0x08004bcc                ADC_SetInjectedOffset
                0x08004c00                ADC_GetInjectedConversionValue
                0x08004c30                ADC_AnalogWatchdogCmd
                0x08004c68                ADC_AnalogWatchdogThresholdsConfig
                0x08004c90                ADC_AnalogWatchdogSingleChannelConfig
                0x08004cc8                ADC_TempSensorVrefintCmd
                0x08004d00                ADC_GetFlagStatus
                0x08004d34                ADC_ClearFlag
                0x08004d54                ADC_GetITStatus
                0x08004da8                ADC_ClearITPendingBit
 .text          0x08004dd4     0x147c ..\obj\main.o
                0x08004e04                display_init
                0x08004e38                display_number
                0x08004f98                adc_init
                0x0800501c                get_adc_value
                0x08005048                expfilter
                0x080050b0                insolation
                0x080050dc                PWM_init
                0x08005210                dimpwmvalue
                0x0800524c                RGB_led_nixie_dimming
                0x08005310                bcdtodec
                0x08005338                dectobcd
                0x08005378                DS3231_ReadDateRAW
                0x080054ac                DS3231_WriteDateRAW
                0x08005568                DS3231_init
                0x08005658                DS3231_is_reset
                0x08005670                DS3231_startsettings
                0x0800571c                hhmmss
                0x08005760                alarm_hhmmss
                0x08005794                alarmreset
                0x080057dc                syncled_init
                0x08005818                syncled_on
                0x08005830                syncled_off
                0x08005848                buttons_init
                0x08005878                buttons_timer_init
                0x080058e0                minincr
                0x08005920                hourincr
                0x08005960                alarmminincr
                0x080059a0                alarmhourincr
                0x080059e0                USART1_Init
                0x08005a78                USART1_SendChar
                0x08005aa8                GPS_init
                0x08005ce8                synctime
                0x08005e5c                USART1_IRQHandler
                0x080060c4                TIM4_IRQHandler
                0x08006194                main
 .text          0x08006250       0xec c:/program files (x86)/gnu tools arm embedded/5.4 2016q2/bin/../lib/gcc/arm-none-eabi/5.4.1/../../../../arm-none-eabi/lib/armv7-m\libg.a(lib_a-memcpy.o)
                0x08006250                memcpy
 .text.startup.register_fini
                0x0800633c       0x14 c:/program files (x86)/gnu tools arm embedded/5.4 2016q2/bin/../lib/gcc/arm-none-eabi/5.4.1/../../../../arm-none-eabi/lib/armv7-m\libg.a(lib_a-__call_atexit.o)
 .text.atexit   0x08006350        0xc c:/program files (x86)/gnu tools arm embedded/5.4 2016q2/bin/../lib/gcc/arm-none-eabi/5.4.1/../../../../arm-none-eabi/lib/armv7-m\libg.a(lib_a-atexit.o)
                0x08006350                atexit
 .text.__libc_fini_array
                0x0800635c       0x28 c:/program files (x86)/gnu tools arm embedded/5.4 2016q2/bin/../lib/gcc/arm-none-eabi/5.4.1/../../../../arm-none-eabi/lib/armv7-m\libg.a(lib_a-fini.o)
                0x0800635c                __libc_fini_array
 .text.__register_exitproc
                0x08006384       0xa4 c:/program files (x86)/gnu tools arm embedded/5.4 2016q2/bin/../lib/gcc/arm-none-eabi/5.4.1/../../../../arm-none-eabi/lib/armv7-m\libg.a(lib_a-__atexit.o)
                0x08006384                __register_exitproc
 *(.init)
 .init          0x08006428        0x4 c:/program files (x86)/gnu tools arm embedded/5.4 2016q2/bin/../lib/gcc/arm-none-eabi/5.4.1/armv7-m/crti.o
                0x08006428                _init
 .init          0x0800642c        0x8 c:/program files (x86)/gnu tools arm embedded/5.4 2016q2/bin/../lib/gcc/arm-none-eabi/5.4.1/armv7-m/crtn.o
 *(.fini)
 .fini          0x08006434        0x4 c:/program files (x86)/gnu tools arm embedded/5.4 2016q2/bin/../lib/gcc/arm-none-eabi/5.4.1/armv7-m/crti.o
                0x08006434                _fini
 .fini          0x08006438        0x8 c:/program files (x86)/gnu tools arm embedded/5.4 2016q2/bin/../lib/gcc/arm-none-eabi/5.4.1/armv7-m/crtn.o
 *crtbegin.o(.ctors)
 *crtbegin?.o(.ctors)
 *(EXCLUDE_FILE(*crtend.o *crtend?.o) .ctors)
 *(SORT(.ctors.*))
 *(.ctors)
 *crtbegin.o(.dtors)
 *crtbegin?.o(.dtors)
 *(EXCLUDE_FILE(*crtend.o *crtend?.o) .dtors)
 *(SORT(.dtors.*))
 *(.dtors)
 *(.rodata*)
 .rodata        0x08006440       0xc9 ..\obj\main.o
 *fill*         0x08006509        0x3 
 .rodata.str1.4
                0x0800650c        0x4 c:/program files (x86)/gnu tools arm embedded/5.4 2016q2/bin/../lib/gcc/arm-none-eabi/5.4.1/../../../../arm-none-eabi/lib/armv7-m\libg.a(lib_a-impure.o)
                                  0x2 (size before relaxing)
 .rodata._global_impure_ptr
                0x08006510        0x4 c:/program files (x86)/gnu tools arm embedded/5.4 2016q2/bin/../lib/gcc/arm-none-eabi/5.4.1/../../../../arm-none-eabi/lib/armv7-m\libg.a(lib_a-impure.o)
                0x08006510                _global_impure_ptr
 *(.eh_fram e*)

.eh_frame       0x08006514        0x0
 .eh_frame      0x08006514        0x0 c:/program files (x86)/gnu tools arm embedded/5.4 2016q2/bin/../lib/gcc/arm-none-eabi/5.4.1/armv7-m/crtbegin.o

.glue_7         0x08006514        0x0
 .glue_7        0x08006514        0x0 linker stubs

.glue_7t        0x08006514        0x0
 .glue_7t       0x08006514        0x0 linker stubs

.vfp11_veneer   0x08006514        0x0
 .vfp11_veneer  0x08006514        0x0 linker stubs

.v4_bx          0x08006514        0x0
 .v4_bx         0x08006514        0x0 linker stubs

.iplt           0x08006514        0x0
 .iplt          0x08006514        0x0 c:/program files (x86)/gnu tools arm embedded/5.4 2016q2/bin/../lib/gcc/arm-none-eabi/5.4.1/armv7-m/crtbegin.o

.rel.dyn        0x08006514        0x0
 .rel.iplt      0x08006514        0x0 c:/program files (x86)/gnu tools arm embedded/5.4 2016q2/bin/../lib/gcc/arm-none-eabi/5.4.1/armv7-m/crtbegin.o

.ARM.extab
 *(.ARM.extab* .gnu.linkonce.armextab.*)
                0x08006514                __exidx_start = .

.ARM.exidx
 *(.ARM.exidx* .gnu.linkonce.armexidx.*)
                0x08006514                __exidx_end = .
                0x08006514                __etext = .
                0x08006514                _sidata = __etext

.data           0x20000000      0x460 load address 0x08006514
                0x20000000                __data_start__ = .
                0x20000000                _sdata = __data_start__
 *(vtable)
 *(.data*)
 .data          0x20000000       0x14 ..\obj\stm32f10x_rcc.o
 .data          0x20000014       0x14 ..\obj\system_stm32f10x.o
                0x20000014                SystemCoreClock
                0x20000018                AHBPrescTable
 .data.impure_data
                0x20000028      0x428 c:/program files (x86)/gnu tools arm embedded/5.4 2016q2/bin/../lib/gcc/arm-none-eabi/5.4.1/../../../../arm-none-eabi/lib/armv7-m\libg.a(lib_a-impure.o)
                0x20000450                . = ALIGN (0x4)
                0x20000450                PROVIDE (__preinit_array_start, .)
 *(.preinit_array)
                0x20000450                PROVIDE (__preinit_array_end, .)
                0x20000450                . = ALIGN (0x4)
                0x20000450                PROVIDE (__init_array_start, .)
 *(SORT(.init_array.*))
 .init_array.00000
                0x20000450        0x4 c:/program files (x86)/gnu tools arm embedded/5.4 2016q2/bin/../lib/gcc/arm-none-eabi/5.4.1/../../../../arm-none-eabi/lib/armv7-m\libg.a(lib_a-__call_atexit.o)
 *(.init_array)
 .init_array    0x20000454        0x4 c:/program files (x86)/gnu tools arm embedded/5.4 2016q2/bin/../lib/gcc/arm-none-eabi/5.4.1/armv7-m/crtbegin.o
                0x20000458                PROVIDE (__init_array_end, .)
                0x20000458                . = ALIGN (0x4)
                0x20000458                PROVIDE (__fini_array_start, .)
 *(SORT(.fini_array.*))
 *(.fini_array)
 .fini_array    0x20000458        0x4 c:/program files (x86)/gnu tools arm embedded/5.4 2016q2/bin/../lib/gcc/arm-none-eabi/5.4.1/armv7-m/crtbegin.o
                0x2000045c                PROVIDE (__fini_array_end, .)
 *(.jcr*)
 .jcr           0x2000045c        0x0 c:/program files (x86)/gnu tools arm embedded/5.4 2016q2/bin/../lib/gcc/arm-none-eabi/5.4.1/armv7-m/crtbegin.o
 .jcr           0x2000045c        0x4 c:/program files (x86)/gnu tools arm embedded/5.4 2016q2/bin/../lib/gcc/arm-none-eabi/5.4.1/armv7-m/crtend.o
                0x20000460                . = ALIGN (0x4)
                0x20000460                __data_end__ = .
                0x20000460                _edata = __data_end__

.igot.plt       0x20000460        0x0 load address 0x08006974
 .igot.plt      0x20000460        0x0 c:/program files (x86)/gnu tools arm embedded/5.4 2016q2/bin/../lib/gcc/arm-none-eabi/5.4.1/armv7-m/crtbegin.o

.bss            0x20000460       0x70 load address 0x08006974
                0x20000460                . = ALIGN (0x4)
                0x20000460                __bss_start__ = .
                0x20000460                _sbss = __bss_start__
 *(.bss*)
 .bss           0x20000460       0x1c c:/program files (x86)/gnu tools arm embedded/5.4 2016q2/bin/../lib/gcc/arm-none-eabi/5.4.1/armv7-m/crtbegin.o
 .bss           0x2000047c       0x19 ..\obj\main.o
                0x2000047c                timesettings_ischanged
                0x20000480                tm_ready
                0x20000481                conf_mode
 *(COMMON)
 *fill*         0x20000495        0x3 
 COMMON         0x20000498       0x38 ..\obj\main.o
                0x20000498                TIM_TimeBaseStructure
                0x200004a4                display_alarm
                0x200004a8                TIM_OCInitStructure
                0x200004b8                date
                0x200004cc                u
                0x200004d0                . = ALIGN (0x4)
                0x200004d0                __bss_end__ = .
                0x200004d0                _ebss = __bss_end__

.heap           0x200004d0        0x0
                0x200004d0                __end__ = .
                0x200004d0                _end = __end__
                0x200004d0                end = __end__
 *(.heap*)
                0x200004d0                __HeapLimit = .

.co_stack       0x200004d0        0x0
                0x200004d0                . = ALIGN (0x8)
 *(.co_stack .co_stack.*)
                0x20005000                __StackTop = (ORIGIN (ram) + LENGTH (ram))
                0x20005000                __StackLimit = (__StackTop - SIZEOF (.co_stack))
                0x20005000                PROVIDE (__stack, __StackTop)
                0x00000001                ASSERT ((__StackLimit >= __HeapLimit), region ram  overflowed with stack)
LOAD ..\obj\stm32f10x_fsmc.o
LOAD ..\obj\stm32f10x_gpio.o
LOAD ..\obj\stm32f10x_rcc.o
LOAD ..\obj\stm32f10x_dma.o
LOAD ..\obj\stm32f10x_sdio.o
LOAD ..\obj\misc.o
LOAD ..\obj\stm32f10x_dbgmcu.o
LOAD ..\obj\stm32f10x_i2c.o
LOAD ..\obj\stm32f10x_pwr.o
LOAD ..\obj\startup_stm32f10x_md.o
LOAD ..\obj\stm32f10x_cec.o
LOAD ..\obj\system_stm32f10x.o
LOAD ..\obj\stm32f10x_can.o
LOAD ..\obj\stm32f10x_bkp.o
LOAD ..\obj\stm32f10x_flash.o
LOAD ..\obj\stm32f10x_spi.o
LOAD ..\obj\stm32f10x_iwdg.o
LOAD ..\obj\stm32f10x_wwdg.o
LOAD ..\obj\stm32f10x_tim.o
LOAD ..\obj\stm32f10x_rtc.o
LOAD ..\obj\stm32f10x_usart.o
LOAD ..\obj\stm32f10x_crc.o
LOAD ..\obj\stm32f10x_adc.o
LOAD ..\obj\stm32f10x_exti.o
LOAD ..\obj\stm32f10x_dac.o
LOAD ..\obj\main.o
START GROUP
LOAD c:/program files (x86)/gnu tools arm embedded/5.4 2016q2/bin/../lib/gcc/arm-none-eabi/5.4.1/armv7-m\libgcc.a
LOAD c:/program files (x86)/gnu tools arm embedded/5.4 2016q2/bin/../lib/gcc/arm-none-eabi/5.4.1/../../../../arm-none-eabi/lib/armv7-m\libg.a
LOAD c:/program files (x86)/gnu tools arm embedded/5.4 2016q2/bin/../lib/gcc/arm-none-eabi/5.4.1/../../../../arm-none-eabi/lib/armv7-m\libc.a
END GROUP
LOAD c:/program files (x86)/gnu tools arm embedded/5.4 2016q2/bin/../lib/gcc/arm-none-eabi/5.4.1/armv7-m/crtend.o
LOAD c:/program files (x86)/gnu tools arm embedded/5.4 2016q2/bin/../lib/gcc/arm-none-eabi/5.4.1/armv7-m/crtn.o
OUTPUT(STM32-Nixie.elf elf32-littlearm)

.ARM.attributes
                0x00000000       0x29
 .ARM.attributes
                0x00000000       0x1d c:/program files (x86)/gnu tools arm embedded/5.4 2016q2/bin/../lib/gcc/arm-none-eabi/5.4.1/armv7-m/crti.o
 .ARM.attributes
                0x0000001d       0x2d c:/program files (x86)/gnu tools arm embedded/5.4 2016q2/bin/../lib/gcc/arm-none-eabi/5.4.1/armv7-m/crtbegin.o
 .ARM.attributes
                0x0000004a       0x33 ..\obj\stm32f10x_gpio.o
 .ARM.attributes
                0x0000007d       0x33 ..\obj\stm32f10x_rcc.o
 .ARM.attributes
                0x000000b0       0x33 ..\obj\misc.o
 .ARM.attributes
                0x000000e3       0x33 ..\obj\stm32f10x_i2c.o
 .ARM.attributes
                0x00000116       0x21 ..\obj\startup_stm32f10x_md.o
 .ARM.attributes
                0x00000137       0x33 ..\obj\system_stm32f10x.o
 .ARM.attributes
                0x0000016a       0x33 ..\obj\stm32f10x_tim.o
 .ARM.attributes
                0x0000019d       0x33 ..\obj\stm32f10x_usart.o
 .ARM.attributes
                0x000001d0       0x33 ..\obj\stm32f10x_adc.o
 .ARM.attributes
                0x00000203       0x33 ..\obj\main.o
 .ARM.attributes
                0x00000236       0x2d c:/program files (x86)/gnu tools arm embedded/5.4 2016q2/bin/../lib/gcc/arm-none-eabi/5.4.1/../../../../arm-none-eabi/lib/armv7-m\libg.a(lib_a-impure.o)
 .ARM.attributes
                0x00000263       0x1b c:/program files (x86)/gnu tools arm embedded/5.4 2016q2/bin/../lib/gcc/arm-none-eabi/5.4.1/../../../../arm-none-eabi/lib/armv7-m\libg.a(lib_a-memcpy.o)
 .ARM.attributes
                0x0000027e       0x2d c:/program files (x86)/gnu tools arm embedded/5.4 2016q2/bin/../lib/gcc/arm-none-eabi/5.4.1/../../../../arm-none-eabi/lib/armv7-m\libg.a(lib_a-__call_atexit.o)
 .ARM.attributes
                0x000002ab       0x2d c:/program files (x86)/gnu tools arm embedded/5.4 2016q2/bin/../lib/gcc/arm-none-eabi/5.4.1/../../../../arm-none-eabi/lib/armv7-m\libg.a(lib_a-atexit.o)
 .ARM.attributes
                0x000002d8       0x2d c:/program files (x86)/gnu tools arm embedded/5.4 2016q2/bin/../lib/gcc/arm-none-eabi/5.4.1/../../../../arm-none-eabi/lib/armv7-m\libg.a(lib_a-fini.o)
 .ARM.attributes
                0x00000305       0x2d c:/program files (x86)/gnu tools arm embedded/5.4 2016q2/bin/../lib/gcc/arm-none-eabi/5.4.1/../../../../arm-none-eabi/lib/armv7-m\libg.a(lib_a-__atexit.o)
 .ARM.attributes
                0x00000332       0x2d c:/program files (x86)/gnu tools arm embedded/5.4 2016q2/bin/../lib/gcc/arm-none-eabi/5.4.1/armv7-m/crtend.o
 .ARM.attributes
                0x0000035f       0x1d c:/program files (x86)/gnu tools arm embedded/5.4 2016q2/bin/../lib/gcc/arm-none-eabi/5.4.1/armv7-m/crtn.o

.comment        0x00000000       0x6e
 .comment       0x00000000       0x6e ..\obj\stm32f10x_gpio.o
                                 0x6f (size before relaxing)
 .comment       0x0000006e       0x6f ..\obj\stm32f10x_rcc.o
 .comment       0x0000006e       0x6f ..\obj\misc.o
 .comment       0x0000006e       0x6f ..\obj\stm32f10x_i2c.o
 .comment       0x0000006e       0x6f ..\obj\system_stm32f10x.o
 .comment       0x0000006e       0x6f ..\obj\stm32f10x_tim.o
 .comment       0x0000006e       0x6f ..\obj\stm32f10x_usart.o
 .comment       0x0000006e       0x6f ..\obj\stm32f10x_adc.o
 .comment       0x0000006e       0x6f ..\obj\main.o

.debug_info     0x00000000     0x6d04
 .debug_info    0x00000000      0x6f6 ..\obj\stm32f10x_gpio.o
 .debug_info    0x000006f6      0x8a3 ..\obj\stm32f10x_rcc.o
 .debug_info    0x00000f99      0x556 ..\obj\misc.o
 .debug_info    0x000014ef      0xb0c ..\obj\stm32f10x_i2c.o
 .debug_info    0x00001ffb       0xdb ..\obj\startup_stm32f10x_md.o
 .debug_info    0x000020d6      0x49c ..\obj\system_stm32f10x.o
 .debug_info    0x00002572     0x1c60 ..\obj\stm32f10x_tim.o
 .debug_info    0x000041d2      0x9f0 ..\obj\stm32f10x_usart.o
 .debug_info    0x00004bc2      0xb7c ..\obj\stm32f10x_adc.o
 .debug_info    0x0000573e     0x15c6 ..\obj\main.o

.debug_abbrev   0x00000000      0xfcf
 .debug_abbrev  0x00000000      0x1cc ..\obj\stm32f10x_gpio.o
 .debug_abbrev  0x000001cc      0x1bc ..\obj\stm32f10x_rcc.o
 .debug_abbrev  0x00000388      0x147 ..\obj\misc.o
 .debug_abbrev  0x000004cf      0x166 ..\obj\stm32f10x_i2c.o
 .debug_abbrev  0x00000635       0x12 ..\obj\startup_stm32f10x_md.o
 .debug_abbrev  0x00000647      0x14e ..\obj\system_stm32f10x.o
 .debug_abbrev  0x00000795      0x1b2 ..\obj\stm32f10x_tim.o
 .debug_abbrev  0x00000947      0x164 ..\obj\stm32f10x_usart.o
 .debug_abbrev  0x00000aab      0x19a ..\obj\stm32f10x_adc.o
 .debug_abbrev  0x00000c45      0x38a ..\obj\main.o

.debug_aranges  0x00000000      0x148
 .debug_aranges
                0x00000000       0x20 ..\obj\stm32f10x_gpio.o
 .debug_aranges
                0x00000020       0x20 ..\obj\stm32f10x_rcc.o
 .debug_aranges
                0x00000040       0x20 ..\obj\misc.o
 .debug_aranges
                0x00000060       0x20 ..\obj\stm32f10x_i2c.o
 .debug_aranges
                0x00000080       0x28 ..\obj\startup_stm32f10x_md.o
 .debug_aranges
                0x000000a8       0x20 ..\obj\system_stm32f10x.o
 .debug_aranges
                0x000000c8       0x20 ..\obj\stm32f10x_tim.o
 .debug_aranges
                0x000000e8       0x20 ..\obj\stm32f10x_usart.o
 .debug_aranges
                0x00000108       0x20 ..\obj\stm32f10x_adc.o
 .debug_aranges
                0x00000128       0x20 ..\obj\main.o

.debug_line     0x00000000     0x220b
 .debug_line    0x00000000      0x2ec ..\obj\stm32f10x_gpio.o
 .debug_line    0x000002ec      0x335 ..\obj\stm32f10x_rcc.o
 .debug_line    0x00000621      0x20b ..\obj\misc.o
 .debug_line    0x0000082c      0x33c ..\obj\stm32f10x_i2c.o
 .debug_line    0x00000b68       0xd1 ..\obj\startup_stm32f10x_md.o
 .debug_line    0x00000c39      0x256 ..\obj\system_stm32f10x.o
 .debug_line    0x00000e8f      0x6b1 ..\obj\stm32f10x_tim.o
 .debug_line    0x00001540      0x342 ..\obj\stm32f10x_usart.o
 .debug_line    0x00001882      0x35d ..\obj\stm32f10x_adc.o
 .debug_line    0x00001bdf      0x62c ..\obj\main.o

.debug_str      0x00000000     0x2d88
 .debug_str     0x00000000      0x4e6 ..\obj\stm32f10x_gpio.o
                                0x53c (size before relaxing)
 .debug_str     0x000004e6      0x480 ..\obj\stm32f10x_rcc.o
                                0x63d (size before relaxing)
 .debug_str     0x00000966      0x26d ..\obj\misc.o
                                0x3e1 (size before relaxing)
 .debug_str     0x00000bd3      0x424 ..\obj\stm32f10x_i2c.o
                                0x689 (size before relaxing)
 .debug_str     0x00000ff7       0xe3 ..\obj\system_stm32f10x.o
                                0x313 (size before relaxing)
 .debug_str     0x000010da      0xbb3 ..\obj\stm32f10x_tim.o
                                0xe00 (size before relaxing)
 .debug_str     0x00001c8d      0x45d ..\obj\stm32f10x_usart.o
                                0x6b3 (size before relaxing)
 .debug_str     0x000020ea      0x55a ..\obj\stm32f10x_adc.o
                                0x71e (size before relaxing)
 .debug_str     0x00002644      0x744 ..\obj\main.o
                                0xedc (size before relaxing)

.debug_frame    0x00000000     0x2cb4
 .debug_frame   0x00000000      0x2d0 ..\obj\stm32f10x_gpio.o
 .debug_frame   0x000002d0      0x4f4 ..\obj\stm32f10x_rcc.o
 .debug_frame   0x000007c4       0xd8 ..\obj\misc.o
 .debug_frame   0x0000089c      0x530 ..\obj\stm32f10x_i2c.o
 .debug_frame   0x00000dcc       0x98 ..\obj\system_stm32f10x.o
 .debug_frame   0x00000e64      0xe2c ..\obj\stm32f10x_tim.o
 .debug_frame   0x00001c90      0x490 ..\obj\stm32f10x_usart.o
 .debug_frame   0x00002120      0x5a4 ..\obj\stm32f10x_adc.o
 .debug_frame   0x000026c4      0x518 ..\obj\main.o
 .debug_frame   0x00002bdc       0x50 c:/program files (x86)/gnu tools arm embedded/5.4 2016q2/bin/../lib/gcc/arm-none-eabi/5.4.1/../../../../arm-none-eabi/lib/armv7-m\libg.a(lib_a-__call_atexit.o)
 .debug_frame   0x00002c2c       0x20 c:/program files (x86)/gnu tools arm embedded/5.4 2016q2/bin/../lib/gcc/arm-none-eabi/5.4.1/../../../../arm-none-eabi/lib/armv7-m\libg.a(lib_a-atexit.o)
 .debug_frame   0x00002c4c       0x34 c:/program files (x86)/gnu tools arm embedded/5.4 2016q2/bin/../lib/gcc/arm-none-eabi/5.4.1/../../../../arm-none-eabi/lib/armv7-m\libg.a(lib_a-fini.o)
 .debug_frame   0x00002c80       0x34 c:/program files (x86)/gnu tools arm embedded/5.4 2016q2/bin/../lib/gcc/arm-none-eabi/5.4.1/../../../../arm-none-eabi/lib/armv7-m\libg.a(lib_a-__atexit.o)

.debug_ranges   0x00000000       0x20
 .debug_ranges  0x00000000       0x20 ..\obj\startup_stm32f10x_md.o
